<html>
<body>
<pre>
<h1>µVision Build Log</h1>
<h2>Project:</h2>
C:\Users\SUNIL BHATNAGAR\Desktop\keil cranes program\exam.uvproj
Project File Date:  06/28/2017

<h2>Output:</h2>
Build target 'Target 1'
assembling Startup.s...
compiling digital timer on 7 segment.c...
exam\seven segment.h(81): warning:  #1-D: last line of file ends without a newline
linking...
Program Size: Code=2516 RO-data=16 RW-data=0 ZI-data=1256  
FromELF: creating hex file...
"exam.axf" - 0 Error(s), 1 Warning(s).
Build target 'Target 1'
assembling Startup.s...
compiling digital timer on 7 segment.c...
exam\seven segment.h(81): warning:  #1-D: last line of file ends without a newline
linking...
Program Size: Code=2516 RO-data=16 RW-data=0 ZI-data=1256  
FromELF: creating hex file...
"exam.axf" - 0 Error(s), 1 Warning(s).
Build target 'Target 1'
assembling Startup.s...
compiling digital counter.c...
exam\seven segment.h(81): warning:  #1-D: last line of file ends without a newline
linking...
Program Size: Code=2500 RO-data=16 RW-data=0 ZI-data=1256  
FromELF: creating hex file...
"exam.axf" - 0 Error(s), 1 Warning(s).
Build target 'Target 1'
assembling Startup.s...
compiling digital counter.c...
exam\seven segment.h(81): warning:  #1-D: last line of file ends without a newline
linking...
Program Size: Code=2500 RO-data=16 RW-data=0 ZI-data=1256  
FromELF: creating hex file...
"exam.axf" - 0 Error(s), 1 Warning(s).
Build target 'Target 1'
assembling Startup.s...
compiling digital counter.c...
exam\seven segment.h(81): warning:  #1-D: last line of file ends without a newline
linking...
Program Size: Code=2500 RO-data=16 RW-data=0 ZI-data=1256  
FromELF: creating hex file...
"exam.axf" - 0 Error(s), 1 Warning(s).
Build target 'Target 1'
assembling Startup.s...
compiling 4 bit mode lcd.c...
4 bit mode lcd.c(80): warning:  #1-D: last line of file ends without a newline
linking...
Program Size: Code=1132 RO-data=16 RW-data=0 ZI-data=1256  
FromELF: creating hex file...
"exam.axf" - 0 Error(s), 1 Warning(s).
Build target 'Target 1'
assembling Startup.s...
compiling 4 bit mode lcd.c...
4 bit mode lcd.c(35): error:  #20: identifier "string" is undefined
4 bit mode lcd.c(39): error:  #65: expected a ";"
4 bit mode lcd.c(45): warning:  #12-D: parsing restarts here after previous syntax error
4 bit mode lcd.c(24): warning:  #177-D: variable "string2" was declared but never referenced
Target not created
Build target 'Target 1'
assembling Startup.s...
compiling 4 bit mode lcd.c...
4 bit mode lcd.c(39): error:  #65: expected a ";"
4 bit mode lcd.c(45): warning:  #12-D: parsing restarts here after previous syntax error
4 bit mode lcd.c(24): warning:  #177-D: variable "string2" was declared but never referenced
Target not created
Build target 'Target 1'
assembling Startup.s...
compiling 4 bit mode lcd.c...
linking...
Program Size: Code=1184 RO-data=16 RW-data=0 ZI-data=1256  
FromELF: creating hex file...
"exam.axf" - 0 Error(s), 0 Warning(s).
Build target 'Target 1'
assembling Startup.s...
compiling 4 bit mode lcd.c...
4 bit mode lcd.c(80): warning:  #1-D: last line of file ends without a newline
linking...
Program Size: Code=1132 RO-data=16 RW-data=0 ZI-data=1256  
FromELF: creating hex file...
"exam.axf" - 0 Error(s), 1 Warning(s).
Build target 'Target 1'
assembling Startup.s...
compiling 4 bit mode lcd.c...
4 bit mode lcd.c(80): warning:  #1-D: last line of file ends without a newline
linking...
Program Size: Code=1132 RO-data=16 RW-data=0 ZI-data=1256  
FromELF: creating hex file...
"exam.axf" - 0 Error(s), 1 Warning(s).
Build target 'Target 1'
assembling Startup.s...
compiling 4 bit mode lcd.c...
4 bit mode lcd.c(80): warning:  #1-D: last line of file ends without a newline
linking...
Program Size: Code=1132 RO-data=16 RW-data=0 ZI-data=1256  
FromELF: creating hex file...
"exam.axf" - 0 Error(s), 1 Warning(s).
Build target 'Target 1'
assembling Startup.s...
compiling 4 bit mode lcd.c...
exam\4 bit mode lcd.c(80): warning:  #1-D: last line of file ends without a newline
linking...
Program Size: Code=1132 RO-data=16 RW-data=0 ZI-data=1256  
FromELF: creating hex file...
"exam.axf" - 0 Error(s), 1 Warning(s).
Build target 'Target 1'
assembling Startup.s...
compiling 4 bit mode lcd.c...
linking...
Program Size: Code=1132 RO-data=16 RW-data=0 ZI-data=1256  
FromELF: creating hex file...
"exam.axf" - 0 Error(s), 0 Warning(s).
Build target 'Target 1'
compiling 4 bit mode lcd.c...
linking...
Program Size: Code=1132 RO-data=16 RW-data=0 ZI-data=1256  
FromELF: creating hex file...
"exam.axf" - 0 Error(s), 0 Warning(s).
Build target 'Target 1'
assembling Startup.s...
compiling 4 bit mode lcd.c...
linking...
Program Size: Code=1132 RO-data=16 RW-data=0 ZI-data=1256  
FromELF: creating hex file...
"exam.axf" - 0 Error(s), 0 Warning(s).
Build target 'Target 1'
assembling Startup.s...
compiling 4 bit mode lcd.c...
linking...
Program Size: Code=1184 RO-data=16 RW-data=0 ZI-data=1256  
FromELF: creating hex file...
"exam.axf" - 0 Error(s), 0 Warning(s).
