<html>
<body>
<pre>
<h1>µVision Build Log</h1>
<h2>Project:</h2>
C:\Users\SUNIL BHATNAGAR\Desktop\accident and alcohol project\accident and alcohol.uvproj
Project File Date:  07/01/2017

<h2>Output:</h2>
Build target 'Target 1'
assembling Startup.s...
compiling alcohol and viveration.c...
compiling gsm for alcohol and accident.c...
compiling lcd command display.c...
linking...
Program Size: Code=2740 RO-data=80 RW-data=20 ZI-data=1276  
FromELF: creating hex file...
"accident and alcohol.axf" - 0 Error(s), 0 Warning(s).
Build target 'Target 1'
assembling Startup.s...
compiling alcohol and viveration.c...
compiling gsm for alcohol and accident.c...
compiling lcd command display.c...
compiling gps reciever.c...
gps reciever.c(14): warning:  #223-D: function "lcdstring" declared implicitly
gps reciever.c(19): warning:  #223-D: function "read_gps" declared implicitly
gps reciever.c(24): error:  #159: declaration is incompatible with previous "read_gps" (declared at line 19)
gps reciever.c(66): warning:  #167-D: argument of type "unsigned char *" is incompatible with parameter of type "char *"
gps reciever.c(71): warning:  #167-D: argument of type "unsigned char *" is incompatible with parameter of type "char *"
gps reciever.c(72): warning:  #1-D: last line of file ends without a newline
Target not created
Build target 'Target 1'
assembling Startup.s...
compiling alcohol and viveration.c...
compiling gsm for alcohol and accident.c...
compiling lcd command display.c...
compiling gps reciever.c...
gps reciever.c(19): warning:  #223-D: function "read_gps" declared implicitly
gps reciever.c(24): error:  #159: declaration is incompatible with previous "read_gps" (declared at line 19)
gps reciever.c(66): warning:  #167-D: argument of type "unsigned char *" is incompatible with parameter of type "char *"
gps reciever.c(71): warning:  #167-D: argument of type "unsigned char *" is incompatible with parameter of type "char *"
gps reciever.c(72): warning:  #1-D: last line of file ends without a newline
Target not created
Build target 'Target 1'
assembling Startup.s...
compiling alcohol and viveration.c...
compiling gsm for alcohol and accident.c...
compiling lcd command display.c...
compiling gps reciever.c...
gps reciever.c(67): warning:  #167-D: argument of type "unsigned char *" is incompatible with parameter of type "char *"
gps reciever.c(72): warning:  #167-D: argument of type "unsigned char *" is incompatible with parameter of type "char *"
gps reciever.c(73): warning:  #1-D: last line of file ends without a newline
linking...
accident and alcohol.axf: Error: L6200E: Symbol __ARM_use_no_argv multiply defined (by gps reciever.o and alcohol and viveration.o).
accident and alcohol.axf: Error: L6200E: Symbol main multiply defined (by gps reciever.o and alcohol and viveration.o).
Target not created
Build target 'Target 1'
assembling Startup.s...
compiling alcohol and viveration.c...
compiling gsm for alcohol and accident.c...
compiling lcd command display.c...
compiling gps reciever.c...
gps reciever.c(67): error:  #167: argument of type "unsigned char (*)[13]" is incompatible with parameter of type "char *"
gps reciever.c(72): error:  #167: argument of type "unsigned char (*)[13]" is incompatible with parameter of type "char *"
gps reciever.c(73): warning:  #1-D: last line of file ends without a newline
Target not created
Build target 'Target 1'
assembling Startup.s...
compiling alcohol and viveration.c...
compiling gsm for alcohol and accident.c...
compiling lcd command display.c...
compiling gps reciever.c...
gps reciever.c(6): warning:  #520-D: initialization with "{...}" expected for aggregate object
gps reciever.c(29): error:  #42: operand types are incompatible ("char" and "unsigned char *")
gps reciever.c(48): error:  #513: a value of type "unsigned char" cannot be assigned to an entity of type "unsigned char *"
gps reciever.c(54): error:  #513: a value of type "unsigned char" cannot be assigned to an entity of type "unsigned char *"
gps reciever.c(67): error:  #167: argument of type "unsigned char **" is incompatible with parameter of type "char *"
gps reciever.c(72): error:  #167: argument of type "unsigned char **" is incompatible with parameter of type "char *"
gps reciever.c(73): warning:  #1-D: last line of file ends without a newline
Target not created
Build target 'Target 1'
assembling Startup.s...
compiling alcohol and viveration.c...
compiling gsm for alcohol and accident.c...
compiling lcd command display.c...
compiling gps reciever.c...
gps reciever.c(48): error:  #513: a value of type "unsigned char" cannot be assigned to an entity of type "unsigned char *"
gps reciever.c(54): error:  #513: a value of type "unsigned char" cannot be assigned to an entity of type "unsigned char *"
gps reciever.c(67): error:  #167: argument of type "unsigned char **" is incompatible with parameter of type "char *"
gps reciever.c(72): error:  #167: argument of type "unsigned char **" is incompatible with parameter of type "char *"
gps reciever.c(73): warning:  #1-D: last line of file ends without a newline
Target not created
Build target 'Target 1'
assembling Startup.s...
compiling alcohol and viveration.c...
compiling gsm for alcohol and accident.c...
compiling lcd command display.c...
compiling gps reciever.c...
gps reciever.c(67): warning:  #167-D: argument of type "unsigned char *" is incompatible with parameter of type "char *"
gps reciever.c(72): warning:  #167-D: argument of type "unsigned char *" is incompatible with parameter of type "char *"
gps reciever.c(73): warning:  #1-D: last line of file ends without a newline
linking...
accident and alcohol.axf: Error: L6200E: Symbol __ARM_use_no_argv multiply defined (by gps reciever.o and alcohol and viveration.o).
accident and alcohol.axf: Error: L6200E: Symbol main multiply defined (by gps reciever.o and alcohol and viveration.o).
Target not created
Build target 'Target 1'
assembling Startup.s...
compiling alcohol and viveration.c...
compiling gsm for alcohol and accident.c...
compiling lcd command display.c...
compiling gps reciever.c...
gps reciever.c(67): error:  #167: argument of type "unsigned char" is incompatible with parameter of type "char *"
gps reciever.c(72): error:  #167: argument of type "unsigned char" is incompatible with parameter of type "char *"
gps reciever.c(73): warning:  #1-D: last line of file ends without a newline
Target not created
Build target 'Target 1'
assembling Startup.s...
compiling alcohol and viveration.c...
compiling gsm for alcohol and accident.c...
compiling lcd command display.c...
compiling gps reciever.c...
gps reciever.c(67): error:  #167: argument of type "unsigned char (*)[13]" is incompatible with parameter of type "char *"
gps reciever.c(72): error:  #167: argument of type "unsigned char (*)[13]" is incompatible with parameter of type "char *"
gps reciever.c(73): warning:  #1-D: last line of file ends without a newline
Target not created
Build target 'Target 1'
assembling Startup.s...
compiling alcohol and viveration.c...
compiling gsm for alcohol and accident.c...
compiling lcd command display.c...
compiling gps reciever.c...
gps reciever.c(48): error:  #513: a value of type "unsigned char" cannot be assigned to an entity of type "unsigned char *"
gps reciever.c(54): error:  #513: a value of type "unsigned char" cannot be assigned to an entity of type "unsigned char *"
gps reciever.c(67): error:  #167: argument of type "unsigned char *(*)[13]" is incompatible with parameter of type "char *"
gps reciever.c(72): error:  #167: argument of type "unsigned char *(*)[13]" is incompatible with parameter of type "char *"
gps reciever.c(73): warning:  #1-D: last line of file ends without a newline
Target not created
Build target 'Target 1'
assembling Startup.s...
compiling alcohol and viveration.c...
compiling gsm for alcohol and accident.c...
compiling lcd command display.c...
compiling gps reciever.c...
gps reciever.c(67): error:  #167: argument of type "unsigned char (*)[13]" is incompatible with parameter of type "char *"
gps reciever.c(72): error:  #167: argument of type "unsigned char (*)[13]" is incompatible with parameter of type "char *"
gps reciever.c(73): warning:  #1-D: last line of file ends without a newline
Target not created
Build target 'Target 1'
assembling Startup.s...
compiling alcohol and viveration.c...
compiling gsm for alcohol and accident.c...
compiling lcd command display.c...
compiling gps reciever.c...
gps reciever.c(67): warning:  #167-D: argument of type "unsigned char *" is incompatible with parameter of type "char *"
gps reciever.c(72): warning:  #167-D: argument of type "unsigned char *" is incompatible with parameter of type "char *"
gps reciever.c(73): warning:  #1-D: last line of file ends without a newline
linking...
accident and alcohol.axf: Error: L6200E: Symbol __ARM_use_no_argv multiply defined (by gps reciever.o and alcohol and viveration.o).
accident and alcohol.axf: Error: L6200E: Symbol main multiply defined (by gps reciever.o and alcohol and viveration.o).
Target not created
Build target 'Target 1'
assembling Startup.s...
compiling alcohol and viveration.c...
compiling gsm for alcohol and accident.c...
compiling lcd command display.c...
compiling gps reciever.c...
gps reciever.c(67): warning:  #167-D: argument of type "unsigned char *" is incompatible with parameter of type "char *"
gps reciever.c(72): warning:  #167-D: argument of type "unsigned char *" is incompatible with parameter of type "char *"
linking...
accident and alcohol.axf: Error: L6200E: Symbol __ARM_use_no_argv multiply defined (by gps reciever.o and alcohol and viveration.o).
accident and alcohol.axf: Error: L6200E: Symbol main multiply defined (by gps reciever.o and alcohol and viveration.o).
Target not created
Build target 'Target 1'
assembling Startup.s...
compiling alcohol and viveration.c...
compiling gsm for alcohol and accident.c...
compiling lcd command display.c...
compiling gps reciever.c...
gps reciever.c(67): warning:  #223-D: function "lcd_string1" declared implicitly
linking...
accident and alcohol.axf: Error: L6200E: Symbol __ARM_use_no_argv multiply defined (by gps reciever.o and alcohol and viveration.o).
accident and alcohol.axf: Error: L6200E: Symbol main multiply defined (by gps reciever.o and alcohol and viveration.o).
Target not created
Build target 'Target 1'
assembling Startup.s...
compiling alcohol and viveration.c...
lcd link.h(8): warning:  #1-D: last line of file ends without a newline
compiling gsm for alcohol and accident.c...
lcd link.h(8): warning:  #1-D: last line of file ends without a newline
compiling lcd command display.c...
compiling gps reciever.c...
lcd link.h(8): warning:  #1-D: last line of file ends without a newline
gps reciever.c(67): error:  #167: argument of type "unsigned char *" is incompatible with parameter of type "char"
gps reciever.c(72): error:  #167: argument of type "unsigned char *" is incompatible with parameter of type "char"
Target not created
Build target 'Target 1'
assembling Startup.s...
compiling alcohol and viveration.c...
lcd link.h(8): warning:  #1-D: last line of file ends without a newline
compiling gsm for alcohol and accident.c...
lcd link.h(8): warning:  #1-D: last line of file ends without a newline
compiling lcd command display.c...
compiling gps reciever.c...
lcd link.h(8): warning:  #1-D: last line of file ends without a newline
gps reciever.c(67): error:  #167: argument of type "unsigned char *" is incompatible with parameter of type "char"
gps reciever.c(72): error:  #167: argument of type "unsigned char *" is incompatible with parameter of type "char"
Target not created
Build target 'Target 1'
assembling Startup.s...
compiling alcohol and viveration.c...
lcd link.h(8): warning:  #1-D: last line of file ends without a newline
compiling gsm for alcohol and accident.c...
lcd link.h(8): warning:  #1-D: last line of file ends without a newline
compiling lcd command display.c...
compiling gps reciever.c...
lcd link.h(8): warning:  #1-D: last line of file ends without a newline
gps reciever.c(67): error:  #167: argument of type "unsigned char *" is incompatible with parameter of type "char"
gps reciever.c(72): error:  #167: argument of type "unsigned char *" is incompatible with parameter of type "char"
Target not created
Build target 'Target 1'
assembling Startup.s...
compiling alcohol and viveration.c...
compiling gsm for alcohol and accident.c...
compiling lcd command display.c...
compiling gps reciever.c...
gps reciever.c(67): error:  #167: argument of type "unsigned char *" is incompatible with parameter of type "char"
gps reciever.c(72): error:  #167: argument of type "unsigned char *" is incompatible with parameter of type "char"
Target not created
Build target 'Target 1'
assembling Startup.s...
compiling alcohol and viveration.c...
compiling gsm for alcohol and accident.c...
compiling lcd command display.c...
compiling gps reciever.c...
gps reciever.c(68): error:  #167: argument of type "char *" is incompatible with parameter of type "char"
gps reciever.c(73): error:  #167: argument of type "char *" is incompatible with parameter of type "char"
Target not created
Build target 'Target 1'
assembling Startup.s...
compiling alcohol and viveration.c...
compiling gsm for alcohol and accident.c...
compiling lcd command display.c...
compiling gps reciever.c...
linking...
accident and alcohol.axf: Error: L6200E: Symbol __ARM_use_no_argv multiply defined (by gps reciever.o and alcohol and viveration.o).
accident and alcohol.axf: Error: L6200E: Symbol main multiply defined (by gps reciever.o and alcohol and viveration.o).
Target not created
Build target 'Target 1'
assembling Startup.s...
compiling alcohol and viveration.c...
compiling gsm for alcohol and accident.c...
compiling lcd command display.c...
compiling gps reciever.c...
linking...
accident and alcohol.axf: Error: L6200E: Symbol __ARM_use_no_argv multiply defined (by gps reciever.o and alcohol and viveration.o).
accident and alcohol.axf: Error: L6200E: Symbol main multiply defined (by gps reciever.o and alcohol and viveration.o).
Target not created
Build target 'Target 1'
assembling Startup.s...
compiling alcohol and viveration.c...
compiling gsm for alcohol and accident.c...
compiling lcd command display.c...
compiling gps reciever.c...
linking...
Program Size: Code=2792 RO-data=80 RW-data=20 ZI-data=1276  
FromELF: creating hex file...
"accident and alcohol.axf" - 0 Error(s), 0 Warning(s).
Build target 'Target 1'
assembling Startup.s...
compiling alcohol and viveration.c...
compiling gsm for alcohol and accident.c...
compiling lcd command display.c...
compiling gps reciever.c...
linking...
Program Size: Code=2792 RO-data=80 RW-data=20 ZI-data=1276  
FromELF: creating hex file...
"accident and alcohol.axf" - 0 Error(s), 0 Warning(s).
Build target 'Target 1'
assembling Startup.s...
compiling alcohol and viveration.c...
alcohol and viveration.c(53): warning:  #223-D: function "gps_reciever" declared implicitly
compiling gsm for alcohol and accident.c...
compiling lcd command display.c...
compiling gps reciever.c...
linking...
Program Size: Code=3204 RO-data=80 RW-data=28 ZI-data=1308  
FromELF: creating hex file...
"accident and alcohol.axf" - 0 Error(s), 1 Warning(s).
Build target 'Target 1'
assembling Startup.s...
compiling alcohol and viveration.c...
compiling gsm for alcohol and accident.c...
compiling lcd command display.c...
compiling gps reciever.c...
linking...
Program Size: Code=3204 RO-data=80 RW-data=28 ZI-data=1308  
FromELF: creating hex file...
"accident and alcohol.axf" - 0 Error(s), 0 Warning(s).
Build target 'Target 1'
assembling Startup.s...
compiling alcohol and viveration.c...
compiling gsm for alcohol and accident.c...
compiling lcd command display.c...
compiling gps reciever.c...
linking...
Program Size: Code=3204 RO-data=80 RW-data=28 ZI-data=1308  
FromELF: creating hex file...
"accident and alcohol.axf" - 0 Error(s), 0 Warning(s).
Build target 'Target 1'
assembling Startup.s...
compiling alcohol and viveration.c...
compiling gsm for alcohol and accident.c...
compiling lcd command display.c...
compiling gps reciever.c...
linking...
Program Size: Code=3204 RO-data=80 RW-data=28 ZI-data=1308  
FromELF: creating hex file...
"accident and alcohol.axf" - 0 Error(s), 0 Warning(s).
Build target 'Target 1'
assembling Startup.s...
compiling alcohol and viveration.c...
compiling gsm for alcohol and accident.c...
compiling lcd command display.c...
compiling gps reciever.c...
linking...
Program Size: Code=3152 RO-data=80 RW-data=28 ZI-data=1308  
FromELF: creating hex file...
"accident and alcohol.axf" - 0 Error(s), 0 Warning(s).
Build target 'Target 1'
assembling Startup.s...
compiling alcohol and viveration.c...
compiling gsm for alcohol and accident.c...
compiling lcd command display.c...
compiling gps reciever.c...
linking...
Program Size: Code=3152 RO-data=80 RW-data=28 ZI-data=1308  
FromELF: creating hex file...
"accident and alcohol.axf" - 0 Error(s), 0 Warning(s).
Build target 'Target 1'
assembling Startup.s...
compiling alcohol and viveration.c...
gsm.h(13): error:  #130: expected a "{"
alcohol and viveration.c(7): warning:  #12-D: parsing restarts here after previous syntax error
alcohol and viveration.c(15): error:  #20: identifier "flag" is undefined
alcohol and viveration.c(44): error:  #20: identifier "viberation_isr" is undefined
alcohol and viveration.c(48): error:  #20: identifier "flag" is undefined
alcohol and viveration.c(53): warning:  #223-D: function "gsm_send_msg1" declared implicitly
alcohol and viveration.c(54): warning:  #223-D: function "gps_reciever" declared implicitly
compiling gsm for alcohol and accident.c...
GSM.h(13): error:  #130: expected a "{"
gsm for alcohol and accident.c(13): warning:  #12-D: parsing restarts here after previous syntax error
gsm for alcohol and accident.c(19): error:  #247: function "GSM_UART0_init" has already been defined
gsm for alcohol and accident.c(82): warning:  #223-D: function "uart1_recv_gsm" declared implicitly
gsm for alcohol and accident.c(83): error:  #20: identifier "temp" is undefined
gsm for alcohol and accident.c(89): warning:  #223-D: function "uart1_recv_gsm" declared implicitly
gsm for alcohol and accident.c(90): error:  #20: identifier "temp" is undefined
gsm for alcohol and accident.c(94): warning:  #223-D: function "delay" declared implicitly
gsm for alcohol and accident.c(106): error:  #20: identifier "temp" is undefined
gsm for alcohol and accident.c(113): error:  #20: identifier "temp" is undefined
gsm for alcohol and accident.c(117): warning:  #223-D: function "delay" declared implicitly
gsm for alcohol and accident.c(125): warning:  #223-D: function "delay" declared implicitly
gsm for alcohol and accident.c(132): error:  #20: identifier "AT" is undefined
gsm for alcohol and accident.c(134): error:  #20: identifier "temp" is undefined
gsm for alcohol and accident.c(136): error:  #20: identifier "temp" is undefined
gsm for alcohol and accident.c(136): error:  #20: identifier "OK" is undefined
gsm for alcohol and accident.c(139): error:  #20: identifier "AT_CMGF" is undefined
gsm for alcohol and accident.c(141): error:  #20: identifier "AT_CMGS" is undefined
gsm for alcohol and accident.c(152): warning:  #223-D: function "delay" declared implicitly
gsm for alcohol and accident.c(159): error:  #20: identifier "AT" is undefined
gsm for alcohol and accident.c(161): error:  #20: identifier "temp" is undefined
gsm for alcohol and accident.c(163): error:  #20: identifier "temp" is undefined
gsm for alcohol and accident.c(163): error:  #20: identifier "OK" is undefined
gsm for alcohol and accident.c(166): error:  #20: identifier "AT_CMGF" is undefined
gsm for alcohol and accident.c(168): error:  #20: identifier "AT_CMGS" is undefined
compiling lcd command display.c...
compiling gps reciever.c...
gsm.h(13): error:  #130: expected a "{"
gps reciever.c(12): warning:  #12-D: parsing restarts here after previous syntax error
gps reciever.c(21): warning:  #223-D: function "read_gps" declared implicitly
gps reciever.c(26): error:  #159: declaration is incompatible with previous "read_gps" (declared at line 21)
gps reciever.c(30): warning:  #223-D: function "uart0_recv_gsm" declared implicitly
gps reciever.c(30): error:  #20: identifier "gps_data" is undefined
gps reciever.c(44): error:  #20: identifier "time" is undefined
gps reciever.c(49): error:  #20: identifier "lat" is undefined
gps reciever.c(55): error:  #20: identifier "lon" is undefined
gps reciever.c(64): error:  #20: identifier "lat" is undefined
gps reciever.c(65): error:  #20: identifier "lon" is undefined
Target not created
Build target 'Target 1'
assembling Startup.s...
compiling alcohol and viveration.c...
gsm.h(13): error:  #130: expected a "{"
alcohol and viveration.c(7): warning:  #12-D: parsing restarts here after previous syntax error
alcohol and viveration.c(14): error:  #20: identifier "flag" is undefined
alcohol and viveration.c(43): error:  #20: identifier "viberation_isr" is undefined
alcohol and viveration.c(47): error:  #20: identifier "flag" is undefined
alcohol and viveration.c(52): warning:  #223-D: function "gsm_send_msg1" declared implicitly
alcohol and viveration.c(53): warning:  #223-D: function "gps_reciever" declared implicitly
compiling gsm for alcohol and accident.c...
GSM.h(13): error:  #130: expected a "{"
gsm for alcohol and accident.c(13): warning:  #12-D: parsing restarts here after previous syntax error
gsm for alcohol and accident.c(19): error:  #247: function "GSM_UART0_init" has already been defined
gsm for alcohol and accident.c(82): warning:  #223-D: function "uart1_recv_gsm" declared implicitly
gsm for alcohol and accident.c(83): error:  #20: identifier "temp" is undefined
gsm for alcohol and accident.c(89): warning:  #223-D: function "uart1_recv_gsm" declared implicitly
gsm for alcohol and accident.c(90): error:  #20: identifier "temp" is undefined
gsm for alcohol and accident.c(94): warning:  #223-D: function "delay" declared implicitly
gsm for alcohol and accident.c(106): error:  #20: identifier "temp" is undefined
gsm for alcohol and accident.c(113): error:  #20: identifier "temp" is undefined
gsm for alcohol and accident.c(117): warning:  #223-D: function "delay" declared implicitly
gsm for alcohol and accident.c(125): warning:  #223-D: function "delay" declared implicitly
gsm for alcohol and accident.c(132): error:  #20: identifier "AT" is undefined
gsm for alcohol and accident.c(134): error:  #20: identifier "temp" is undefined
gsm for alcohol and accident.c(136): error:  #20: identifier "temp" is undefined
gsm for alcohol and accident.c(136): error:  #20: identifier "OK" is undefined
gsm for alcohol and accident.c(139): error:  #20: identifier "AT_CMGF" is undefined
gsm for alcohol and accident.c(141): error:  #20: identifier "AT_CMGS" is undefined
gsm for alcohol and accident.c(152): warning:  #223-D: function "delay" declared implicitly
gsm for alcohol and accident.c(159): error:  #20: identifier "AT" is undefined
gsm for alcohol and accident.c(161): error:  #20: identifier "temp" is undefined
gsm for alcohol and accident.c(163): error:  #20: identifier "temp" is undefined
gsm for alcohol and accident.c(163): error:  #20: identifier "OK" is undefined
gsm for alcohol and accident.c(166): error:  #20: identifier "AT_CMGF" is undefined
gsm for alcohol and accident.c(168): error:  #20: identifier "AT_CMGS" is undefined
compiling lcd command display.c...
compiling gps reciever.c...
gsm.h(13): error:  #130: expected a "{"
gps reciever.c(12): warning:  #12-D: parsing restarts here after previous syntax error
gps reciever.c(21): warning:  #223-D: function "read_gps" declared implicitly
gps reciever.c(26): error:  #159: declaration is incompatible with previous "read_gps" (declared at line 21)
gps reciever.c(30): warning:  #223-D: function "uart0_recv_gsm" declared implicitly
gps reciever.c(30): error:  #20: identifier "gps_data" is undefined
gps reciever.c(44): error:  #20: identifier "time" is undefined
gps reciever.c(49): error:  #20: identifier "lat" is undefined
gps reciever.c(55): error:  #20: identifier "lon" is undefined
gps reciever.c(64): error:  #20: identifier "lat" is undefined
gps reciever.c(65): error:  #20: identifier "lon" is undefined
Target not created
Build target 'Target 1'
assembling Startup.s...
compiling alcohol and viveration.c...
gsm.h(13): error:  #130: expected a "{"
alcohol and viveration.c(7): warning:  #12-D: parsing restarts here after previous syntax error
alcohol and viveration.c(14): error:  #20: identifier "flag" is undefined
alcohol and viveration.c(43): error:  #20: identifier "viberation_isr" is undefined
alcohol and viveration.c(47): error:  #20: identifier "flag" is undefined
alcohol and viveration.c(52): warning:  #223-D: function "gsm_send_msg1" declared implicitly
alcohol and viveration.c(53): warning:  #223-D: function "gps_reciever" declared implicitly
compiling gsm for alcohol and accident.c...
GSM.h(13): error:  #130: expected a "{"
gsm for alcohol and accident.c(13): warning:  #12-D: parsing restarts here after previous syntax error
gsm for alcohol and accident.c(19): error:  #247: function "GSM_UART0_init" has already been defined
gsm for alcohol and accident.c(82): warning:  #223-D: function "uart1_recv_gsm" declared implicitly
gsm for alcohol and accident.c(83): error:  #20: identifier "temp" is undefined
gsm for alcohol and accident.c(89): warning:  #223-D: function "uart1_recv_gsm" declared implicitly
gsm for alcohol and accident.c(90): error:  #20: identifier "temp" is undefined
gsm for alcohol and accident.c(94): warning:  #223-D: function "delay" declared implicitly
gsm for alcohol and accident.c(106): error:  #20: identifier "temp" is undefined
gsm for alcohol and accident.c(113): error:  #20: identifier "temp" is undefined
gsm for alcohol and accident.c(117): warning:  #223-D: function "delay" declared implicitly
gsm for alcohol and accident.c(125): warning:  #223-D: function "delay" declared implicitly
gsm for alcohol and accident.c(132): error:  #20: identifier "AT" is undefined
gsm for alcohol and accident.c(134): error:  #20: identifier "temp" is undefined
gsm for alcohol and accident.c(136): error:  #20: identifier "temp" is undefined
gsm for alcohol and accident.c(136): error:  #20: identifier "OK" is undefined
gsm for alcohol and accident.c(139): error:  #20: identifier "AT_CMGF" is undefined
gsm for alcohol and accident.c(141): error:  #20: identifier "AT_CMGS" is undefined
gsm for alcohol and accident.c(152): warning:  #223-D: function "delay" declared implicitly
gsm for alcohol and accident.c(159): error:  #20: identifier "AT" is undefined
gsm for alcohol and accident.c(161): error:  #20: identifier "temp" is undefined
gsm for alcohol and accident.c(163): error:  #20: identifier "temp" is undefined
gsm for alcohol and accident.c(163): error:  #20: identifier "OK" is undefined
gsm for alcohol and accident.c(166): error:  #20: identifier "AT_CMGF" is undefined
gsm for alcohol and accident.c(168): error:  #20: identifier "AT_CMGS" is undefined
compiling lcd command display.c...
compiling gps reciever.c...
gsm.h(13): error:  #130: expected a "{"
gps reciever.c(12): warning:  #12-D: parsing restarts here after previous syntax error
gps reciever.c(21): warning:  #223-D: function "read_gps" declared implicitly
gps reciever.c(26): error:  #159: declaration is incompatible with previous "read_gps" (declared at line 21)
gps reciever.c(30): warning:  #223-D: function "uart0_recv_gsm" declared implicitly
gps reciever.c(30): error:  #20: identifier "gps_data" is undefined
gps reciever.c(44): error:  #20: identifier "time" is undefined
gps reciever.c(49): error:  #20: identifier "lat" is undefined
gps reciever.c(55): error:  #20: identifier "lon" is undefined
gps reciever.c(64): error:  #20: identifier "lat" is undefined
gps reciever.c(65): error:  #20: identifier "lon" is undefined
Target not created
Build target 'Target 1'
assembling Startup.s...
compiling alcohol and viveration.c...
gsm.h(13): error:  #130: expected a "{"
alcohol and viveration.c(9): warning:  #12-D: parsing restarts here after previous syntax error
alcohol and viveration.c(14): warning:  #223-D: function "gps_reciever" declared implicitly
alcohol and viveration.c(17): error:  #20: identifier "flag" is undefined
alcohol and viveration.c(46): error:  #20: identifier "viberation_isr" is undefined
alcohol and viveration.c(50): error:  #20: identifier "flag" is undefined
alcohol and viveration.c(55): warning:  #223-D: function "gsm_send_msg1" declared implicitly
compiling gsm for alcohol and accident.c...
GSM.h(13): error:  #130: expected a "{"
gsm for alcohol and accident.c(13): warning:  #12-D: parsing restarts here after previous syntax error
gsm for alcohol and accident.c(19): error:  #247: function "GSM_UART0_init" has already been defined
gsm for alcohol and accident.c(82): warning:  #223-D: function "uart1_recv_gsm" declared implicitly
gsm for alcohol and accident.c(83): error:  #20: identifier "temp" is undefined
gsm for alcohol and accident.c(89): warning:  #223-D: function "uart1_recv_gsm" declared implicitly
gsm for alcohol and accident.c(90): error:  #20: identifier "temp" is undefined
gsm for alcohol and accident.c(94): warning:  #223-D: function "delay" declared implicitly
gsm for alcohol and accident.c(106): error:  #20: identifier "temp" is undefined
gsm for alcohol and accident.c(113): error:  #20: identifier "temp" is undefined
gsm for alcohol and accident.c(117): warning:  #223-D: function "delay" declared implicitly
gsm for alcohol and accident.c(125): warning:  #223-D: function "delay" declared implicitly
gsm for alcohol and accident.c(132): error:  #20: identifier "AT" is undefined
gsm for alcohol and accident.c(134): error:  #20: identifier "temp" is undefined
gsm for alcohol and accident.c(136): error:  #20: identifier "temp" is undefined
gsm for alcohol and accident.c(136): error:  #20: identifier "OK" is undefined
gsm for alcohol and accident.c(139): error:  #20: identifier "AT_CMGF" is undefined
gsm for alcohol and accident.c(141): error:  #20: identifier "AT_CMGS" is undefined
gsm for alcohol and accident.c(152): warning:  #223-D: function "delay" declared implicitly
gsm for alcohol and accident.c(159): error:  #20: identifier "AT" is undefined
gsm for alcohol and accident.c(161): error:  #20: identifier "temp" is undefined
gsm for alcohol and accident.c(163): error:  #20: identifier "temp" is undefined
gsm for alcohol and accident.c(163): error:  #20: identifier "OK" is undefined
gsm for alcohol and accident.c(166): error:  #20: identifier "AT_CMGF" is undefined
gsm for alcohol and accident.c(168): error:  #20: identifier "AT_CMGS" is undefined
compiling lcd command display.c...
compiling gps reciever.c...
gsm.h(13): error:  #130: expected a "{"
gps reciever.c(12): warning:  #12-D: parsing restarts here after previous syntax error
gps reciever.c(21): warning:  #223-D: function "read_gps" declared implicitly
gps reciever.c(26): error:  #159: declaration is incompatible with previous "read_gps" (declared at line 21)
gps reciever.c(30): warning:  #223-D: function "uart0_recv_gsm" declared implicitly
gps reciever.c(30): error:  #20: identifier "gps_data" is undefined
gps reciever.c(44): error:  #20: identifier "time" is undefined
gps reciever.c(49): error:  #20: identifier "lat" is undefined
gps reciever.c(55): error:  #20: identifier "lon" is undefined
gps reciever.c(64): error:  #20: identifier "lat" is undefined
gps reciever.c(65): error:  #20: identifier "lon" is undefined
Target not created
Build target 'Target 1'
assembling Startup.s...
compiling alcohol and viveration.c...
gsm.h(13): error:  #130: expected a "{"
alcohol and viveration.c(9): warning:  #12-D: parsing restarts here after previous syntax error
alcohol and viveration.c(14): warning:  #223-D: function "gps_reciever" declared implicitly
alcohol and viveration.c(17): error:  #20: identifier "flag" is undefined
alcohol and viveration.c(46): error:  #20: identifier "viberation_isr" is undefined
alcohol and viveration.c(50): error:  #20: identifier "flag" is undefined
alcohol and viveration.c(55): warning:  #223-D: function "gsm_send_msg1" declared implicitly
compiling gsm for alcohol and accident.c...
GSM.h(13): error:  #130: expected a "{"
gsm for alcohol and accident.c(13): warning:  #12-D: parsing restarts here after previous syntax error
gsm for alcohol and accident.c(19): error:  #247: function "GSM_UART0_init" has already been defined
gsm for alcohol and accident.c(82): warning:  #223-D: function "uart1_recv_gsm" declared implicitly
gsm for alcohol and accident.c(83): error:  #20: identifier "temp" is undefined
gsm for alcohol and accident.c(89): warning:  #223-D: function "uart1_recv_gsm" declared implicitly
gsm for alcohol and accident.c(90): error:  #20: identifier "temp" is undefined
gsm for alcohol and accident.c(94): warning:  #223-D: function "delay" declared implicitly
gsm for alcohol and accident.c(106): error:  #20: identifier "temp" is undefined
gsm for alcohol and accident.c(113): error:  #20: identifier "temp" is undefined
gsm for alcohol and accident.c(117): warning:  #223-D: function "delay" declared implicitly
gsm for alcohol and accident.c(125): warning:  #223-D: function "delay" declared implicitly
gsm for alcohol and accident.c(132): error:  #20: identifier "AT" is undefined
gsm for alcohol and accident.c(134): error:  #20: identifier "temp" is undefined
gsm for alcohol and accident.c(136): error:  #20: identifier "temp" is undefined
gsm for alcohol and accident.c(136): error:  #20: identifier "OK" is undefined
gsm for alcohol and accident.c(139): error:  #20: identifier "AT_CMGF" is undefined
gsm for alcohol and accident.c(141): error:  #20: identifier "AT_CMGS" is undefined
gsm for alcohol and accident.c(152): warning:  #223-D: function "delay" declared implicitly
gsm for alcohol and accident.c(159): error:  #20: identifier "AT" is undefined
gsm for alcohol and accident.c(161): error:  #20: identifier "temp" is undefined
gsm for alcohol and accident.c(163): error:  #20: identifier "temp" is undefined
gsm for alcohol and accident.c(163): error:  #20: identifier "OK" is undefined
gsm for alcohol and accident.c(166): error:  #20: identifier "AT_CMGF" is undefined
gsm for alcohol and accident.c(168): error:  #20: identifier "AT_CMGS" is undefined
compiling lcd command display.c...
compiling gps reciever.c...
gsm.h(13): error:  #130: expected a "{"
gps reciever.c(12): warning:  #12-D: parsing restarts here after previous syntax error
gps reciever.c(21): warning:  #223-D: function "read_gps" declared implicitly
gps reciever.c(26): error:  #159: declaration is incompatible with previous "read_gps" (declared at line 21)
gps reciever.c(30): warning:  #223-D: function "uart0_recv_gsm" declared implicitly
gps reciever.c(30): error:  #20: identifier "gps_data" is undefined
gps reciever.c(44): error:  #20: identifier "time" is undefined
gps reciever.c(49): error:  #20: identifier "lat" is undefined
gps reciever.c(55): error:  #20: identifier "lon" is undefined
gps reciever.c(64): error:  #20: identifier "lat" is undefined
gps reciever.c(65): error:  #20: identifier "lon" is undefined
Target not created
Build target 'Target 1'
assembling Startup.s...
compiling alcohol and viveration.c...
gsm.h(13): error:  #130: expected a "{"
alcohol and viveration.c(9): warning:  #12-D: parsing restarts here after previous syntax error
alcohol and viveration.c(14): warning:  #223-D: function "gps_reciever" declared implicitly
alcohol and viveration.c(17): error:  #20: identifier "flag" is undefined
alcohol and viveration.c(46): error:  #20: identifier "viberation_isr" is undefined
alcohol and viveration.c(50): error:  #20: identifier "flag" is undefined
alcohol and viveration.c(55): warning:  #223-D: function "gsm_send_msg1" declared implicitly
compiling gsm for alcohol and accident.c...
GSM.h(13): error:  #130: expected a "{"
gsm for alcohol and accident.c(13): warning:  #12-D: parsing restarts here after previous syntax error
gsm for alcohol and accident.c(19): error:  #247: function "GSM_UART0_init" has already been defined
gsm for alcohol and accident.c(21): error:  #20: identifier "UART0_GSM_ALL" is undefined
gsm for alcohol and accident.c(82): warning:  #223-D: function "uart1_recv_gsm" declared implicitly
gsm for alcohol and accident.c(83): error:  #20: identifier "temp" is undefined
gsm for alcohol and accident.c(89): warning:  #223-D: function "uart1_recv_gsm" declared implicitly
gsm for alcohol and accident.c(90): error:  #20: identifier "temp" is undefined
gsm for alcohol and accident.c(94): warning:  #223-D: function "delay" declared implicitly
gsm for alcohol and accident.c(106): error:  #20: identifier "temp" is undefined
gsm for alcohol and accident.c(113): error:  #20: identifier "temp" is undefined
gsm for alcohol and accident.c(117): warning:  #223-D: function "delay" declared implicitly
gsm for alcohol and accident.c(125): warning:  #223-D: function "delay" declared implicitly
gsm for alcohol and accident.c(132): error:  #20: identifier "AT" is undefined
gsm for alcohol and accident.c(134): error:  #20: identifier "temp" is undefined
gsm for alcohol and accident.c(136): error:  #20: identifier "temp" is undefined
gsm for alcohol and accident.c(136): error:  #20: identifier "OK" is undefined
gsm for alcohol and accident.c(139): error:  #20: identifier "AT_CMGF" is undefined
gsm for alcohol and accident.c(141): error:  #20: identifier "AT_CMGS" is undefined
gsm for alcohol and accident.c(152): warning:  #223-D: function "delay" declared implicitly
gsm for alcohol and accident.c(159): error:  #20: identifier "AT" is undefined
gsm for alcohol and accident.c(161): error:  #20: identifier "temp" is undefined
gsm for alcohol and accident.c(163): error:  #20: identifier "temp" is undefined
gsm for alcohol and accident.c(163): error:  #20: identifier "OK" is undefined
gsm for alcohol and accident.c(166): error:  #20: identifier "AT_CMGF" is undefined
gsm for alcohol and accident.c(168): error:  #20: identifier "AT_CMGS" is undefined
compiling lcd command display.c...
compiling gps reciever.c...
gsm.h(13): error:  #130: expected a "{"
gps reciever.c(12): warning:  #12-D: parsing restarts here after previous syntax error
gps reciever.c(21): warning:  #223-D: function "read_gps" declared implicitly
gps reciever.c(26): error:  #159: declaration is incompatible with previous "read_gps" (declared at line 21)
gps reciever.c(30): warning:  #223-D: function "uart0_recv_gsm" declared implicitly
gps reciever.c(30): error:  #20: identifier "gps_data" is undefined
gps reciever.c(44): error:  #20: identifier "time" is undefined
gps reciever.c(49): error:  #20: identifier "lat" is undefined
gps reciever.c(55): error:  #20: identifier "lon" is undefined
gps reciever.c(64): error:  #20: identifier "lat" is undefined
gps reciever.c(65): error:  #20: identifier "lon" is undefined
Target not created
Build target 'Target 1'
assembling Startup.s...
compiling alcohol and viveration.c...
gsm.h(13): error:  #130: expected a "{"
alcohol and viveration.c(9): warning:  #12-D: parsing restarts here after previous syntax error
alcohol and viveration.c(14): warning:  #223-D: function "gps_reciever" declared implicitly
alcohol and viveration.c(18): error:  #20: identifier "flag" is undefined
alcohol and viveration.c(47): error:  #20: identifier "viberation_isr" is undefined
alcohol and viveration.c(51): error:  #20: identifier "flag" is undefined
alcohol and viveration.c(56): warning:  #223-D: function "gsm_send_msg1" declared implicitly
compiling gsm for alcohol and accident.c...
GSM.h(13): error:  #130: expected a "{"
gsm for alcohol and accident.c(13): warning:  #12-D: parsing restarts here after previous syntax error
gsm for alcohol and accident.c(19): error:  #247: function "GSM_UART0_init" has already been defined
gsm for alcohol and accident.c(21): error:  #20: identifier "UART0_GSM_ALL" is undefined
gsm for alcohol and accident.c(82): warning:  #223-D: function "uart1_recv_gsm" declared implicitly
gsm for alcohol and accident.c(83): error:  #20: identifier "temp" is undefined
gsm for alcohol and accident.c(89): warning:  #223-D: function "uart1_recv_gsm" declared implicitly
gsm for alcohol and accident.c(90): error:  #20: identifier "temp" is undefined
gsm for alcohol and accident.c(94): warning:  #223-D: function "delay" declared implicitly
gsm for alcohol and accident.c(106): error:  #20: identifier "temp" is undefined
gsm for alcohol and accident.c(113): error:  #20: identifier "temp" is undefined
gsm for alcohol and accident.c(117): warning:  #223-D: function "delay" declared implicitly
gsm for alcohol and accident.c(125): warning:  #223-D: function "delay" declared implicitly
gsm for alcohol and accident.c(132): error:  #20: identifier "AT" is undefined
gsm for alcohol and accident.c(134): error:  #20: identifier "temp" is undefined
gsm for alcohol and accident.c(136): error:  #20: identifier "temp" is undefined
gsm for alcohol and accident.c(136): error:  #20: identifier "OK" is undefined
gsm for alcohol and accident.c(139): error:  #20: identifier "AT_CMGF" is undefined
gsm for alcohol and accident.c(141): error:  #20: identifier "AT_CMGS" is undefined
gsm for alcohol and accident.c(152): warning:  #223-D: function "delay" declared implicitly
gsm for alcohol and accident.c(159): error:  #20: identifier "AT" is undefined
gsm for alcohol and accident.c(161): error:  #20: identifier "temp" is undefined
gsm for alcohol and accident.c(163): error:  #20: identifier "temp" is undefined
gsm for alcohol and accident.c(163): error:  #20: identifier "OK" is undefined
gsm for alcohol and accident.c(166): error:  #20: identifier "AT_CMGF" is undefined
gsm for alcohol and accident.c(168): error:  #20: identifier "AT_CMGS" is undefined
compiling lcd command display.c...
compiling gps reciever.c...
gsm.h(13): error:  #130: expected a "{"
gps reciever.c(12): warning:  #12-D: parsing restarts here after previous syntax error
gps reciever.c(21): warning:  #223-D: function "read_gps" declared implicitly
gps reciever.c(26): error:  #159: declaration is incompatible with previous "read_gps" (declared at line 21)
gps reciever.c(30): warning:  #223-D: function "uart0_recv_gsm" declared implicitly
gps reciever.c(30): error:  #20: identifier "gps_data" is undefined
gps reciever.c(44): error:  #20: identifier "time" is undefined
gps reciever.c(49): error:  #20: identifier "lat" is undefined
gps reciever.c(55): error:  #20: identifier "lon" is undefined
gps reciever.c(64): error:  #20: identifier "lat" is undefined
gps reciever.c(65): error:  #20: identifier "lon" is undefined
Target not created
Build target 'Target 1'
assembling Startup.s...
compiling alcohol and viveration.c...
gsm.h(13): error:  #130: expected a "{"
alcohol and viveration.c(9): warning:  #12-D: parsing restarts here after previous syntax error
alcohol and viveration.c(14): warning:  #223-D: function "gps_reciever" declared implicitly
alcohol and viveration.c(18): error:  #20: identifier "flag" is undefined
alcohol and viveration.c(47): error:  #20: identifier "viberation_isr" is undefined
alcohol and viveration.c(51): error:  #20: identifier "flag" is undefined
alcohol and viveration.c(56): warning:  #223-D: function "gsm_send_msg1" declared implicitly
compiling gsm for alcohol and accident.c...
GSM.h(13): error:  #130: expected a "{"
gsm for alcohol and accident.c(13): warning:  #12-D: parsing restarts here after previous syntax error
gsm for alcohol and accident.c(19): error:  #247: function "GSM_UART0_init" has already been defined
gsm for alcohol and accident.c(21): error:  #20: identifier "UART0_GSM_ALL" is undefined
gsm for alcohol and accident.c(82): warning:  #223-D: function "uart1_recv_gsm" declared implicitly
gsm for alcohol and accident.c(83): error:  #20: identifier "temp" is undefined
gsm for alcohol and accident.c(89): warning:  #223-D: function "uart1_recv_gsm" declared implicitly
gsm for alcohol and accident.c(90): error:  #20: identifier "temp" is undefined
gsm for alcohol and accident.c(94): warning:  #223-D: function "delay" declared implicitly
gsm for alcohol and accident.c(106): error:  #20: identifier "temp" is undefined
gsm for alcohol and accident.c(113): error:  #20: identifier "temp" is undefined
gsm for alcohol and accident.c(117): warning:  #223-D: function "delay" declared implicitly
gsm for alcohol and accident.c(125): warning:  #223-D: function "delay" declared implicitly
gsm for alcohol and accident.c(132): error:  #20: identifier "AT" is undefined
gsm for alcohol and accident.c(134): error:  #20: identifier "temp" is undefined
gsm for alcohol and accident.c(136): error:  #20: identifier "temp" is undefined
gsm for alcohol and accident.c(136): error:  #20: identifier "OK" is undefined
gsm for alcohol and accident.c(139): error:  #20: identifier "AT_CMGF" is undefined
gsm for alcohol and accident.c(141): error:  #20: identifier "AT_CMGS" is undefined
gsm for alcohol and accident.c(152): warning:  #223-D: function "delay" declared implicitly
gsm for alcohol and accident.c(159): error:  #20: identifier "AT" is undefined
gsm for alcohol and accident.c(161): error:  #20: identifier "temp" is undefined
gsm for alcohol and accident.c(163): error:  #20: identifier "temp" is undefined
gsm for alcohol and accident.c(163): error:  #20: identifier "OK" is undefined
gsm for alcohol and accident.c(166): error:  #20: identifier "AT_CMGF" is undefined
gsm for alcohol and accident.c(168): error:  #20: identifier "AT_CMGS" is undefined
compiling lcd command display.c...
compiling gps reciever.c...
gsm.h(13): error:  #130: expected a "{"
gps reciever.c(12): warning:  #12-D: parsing restarts here after previous syntax error
gps reciever.c(21): warning:  #223-D: function "read_gps" declared implicitly
gps reciever.c(26): error:  #159: declaration is incompatible with previous "read_gps" (declared at line 21)
gps reciever.c(30): warning:  #223-D: function "uart0_recv_gsm" declared implicitly
gps reciever.c(30): error:  #20: identifier "gps_data" is undefined
gps reciever.c(44): error:  #20: identifier "time" is undefined
gps reciever.c(49): error:  #20: identifier "lat" is undefined
gps reciever.c(55): error:  #20: identifier "lon" is undefined
gps reciever.c(64): error:  #20: identifier "lat" is undefined
gps reciever.c(65): error:  #20: identifier "lon" is undefined
Target not created
Build target 'Target 1'
assembling Startup.s...
compiling alcohol and viveration.c...
gsm.h(15): error:  #130: expected a "{"
alcohol and viveration.c(9): warning:  #12-D: parsing restarts here after previous syntax error
alcohol and viveration.c(14): warning:  #223-D: function "gps_reciever" declared implicitly
alcohol and viveration.c(18): error:  #20: identifier "flag" is undefined
alcohol and viveration.c(47): error:  #20: identifier "viberation_isr" is undefined
alcohol and viveration.c(51): error:  #20: identifier "flag" is undefined
alcohol and viveration.c(56): warning:  #223-D: function "gsm_send_msg1" declared implicitly
compiling gsm for alcohol and accident.c...
GSM.h(15): error:  #130: expected a "{"
gsm for alcohol and accident.c(13): warning:  #12-D: parsing restarts here after previous syntax error
gsm for alcohol and accident.c(21): error:  #20: identifier "UART0_GSM_ALL" is undefined
gsm for alcohol and accident.c(40): error:  #247: function "string_uart0_trns_gsm" has already been defined
gsm for alcohol and accident.c(82): warning:  #223-D: function "uart1_recv_gsm" declared implicitly
gsm for alcohol and accident.c(83): error:  #20: identifier "temp" is undefined
gsm for alcohol and accident.c(89): warning:  #223-D: function "uart1_recv_gsm" declared implicitly
gsm for alcohol and accident.c(90): error:  #20: identifier "temp" is undefined
gsm for alcohol and accident.c(94): warning:  #223-D: function "delay" declared implicitly
gsm for alcohol and accident.c(106): error:  #20: identifier "temp" is undefined
gsm for alcohol and accident.c(113): error:  #20: identifier "temp" is undefined
gsm for alcohol and accident.c(117): warning:  #223-D: function "delay" declared implicitly
gsm for alcohol and accident.c(125): warning:  #223-D: function "delay" declared implicitly
gsm for alcohol and accident.c(132): error:  #20: identifier "AT" is undefined
gsm for alcohol and accident.c(134): error:  #20: identifier "temp" is undefined
gsm for alcohol and accident.c(136): error:  #20: identifier "temp" is undefined
gsm for alcohol and accident.c(136): error:  #20: identifier "OK" is undefined
gsm for alcohol and accident.c(139): error:  #20: identifier "AT_CMGF" is undefined
gsm for alcohol and accident.c(141): error:  #20: identifier "AT_CMGS" is undefined
gsm for alcohol and accident.c(152): warning:  #223-D: function "delay" declared implicitly
gsm for alcohol and accident.c(159): error:  #20: identifier "AT" is undefined
gsm for alcohol and accident.c(161): error:  #20: identifier "temp" is undefined
gsm for alcohol and accident.c(163): error:  #20: identifier "temp" is undefined
gsm for alcohol and accident.c(163): error:  #20: identifier "OK" is undefined
gsm for alcohol and accident.c(166): error:  #20: identifier "AT_CMGF" is undefined
gsm for alcohol and accident.c(168): error:  #20: identifier "AT_CMGS" is undefined
compiling lcd command display.c...
compiling gps reciever.c...
gsm.h(15): error:  #130: expected a "{"
gps reciever.c(12): warning:  #12-D: parsing restarts here after previous syntax error
gps reciever.c(21): warning:  #223-D: function "read_gps" declared implicitly
gps reciever.c(26): error:  #159: declaration is incompatible with previous "read_gps" (declared at line 21)
gps reciever.c(30): warning:  #223-D: function "uart0_recv_gsm" declared implicitly
gps reciever.c(30): error:  #20: identifier "gps_data" is undefined
gps reciever.c(44): error:  #20: identifier "time" is undefined
gps reciever.c(49): error:  #20: identifier "lat" is undefined
gps reciever.c(55): error:  #20: identifier "lon" is undefined
gps reciever.c(64): error:  #20: identifier "lat" is undefined
gps reciever.c(65): error:  #20: identifier "lon" is undefined
Target not created
Build target 'Target 1'
assembling Startup.s...
compiling alcohol and viveration.c...
compiling gsm for alcohol and accident.c...
compiling lcd command display.c...
compiling gps reciever.c...
linking...
Program Size: Code=3144 RO-data=80 RW-data=28 ZI-data=1308  
FromELF: creating hex file...
"accident and alcohol.axf" - 0 Error(s), 0 Warning(s).
Build target 'Target 1'
assembling Startup.s...
compiling alcohol and viveration.c...
compiling gsm for alcohol and accident.c...
gsm for alcohol and accident.c(21): error:  #20: identifier "UART0_GSM_ALL" is undefined
compiling lcd command display.c...
compiling gps reciever.c...
gps reciever.c(13): warning:  #223-D: function "GSM_UART0_init" declared implicitly
Target not created
Build target 'Target 1'
assembling Startup.s...
compiling alcohol and viveration.c...
gsm.h(13): error:  #130: expected a "{"
alcohol and viveration.c(7): warning:  #12-D: parsing restarts here after previous syntax error
alcohol and viveration.c(12): warning:  #223-D: function "gps_reciever" declared implicitly
alcohol and viveration.c(14): error:  #20: identifier "flag" is undefined
alcohol and viveration.c(43): error:  #20: identifier "viberation_isr" is undefined
alcohol and viveration.c(47): error:  #20: identifier "flag" is undefined
alcohol and viveration.c(52): warning:  #223-D: function "gsm_send_msg" declared implicitly
compiling gsm for alcohol and accident.c...
GSM.h(13): error:  #130: expected a "{"
gsm for alcohol and accident.c(13): warning:  #12-D: parsing restarts here after previous syntax error
gsm for alcohol and accident.c(19): error:  #247: function "GSM_UART0_init" has already been defined
gsm for alcohol and accident.c(21): error:  #20: identifier "UART0_GSM_ALL" is undefined
gsm for alcohol and accident.c(69): error:  #20: identifier "temp" is undefined
gsm for alcohol and accident.c(76): error:  #20: identifier "temp" is undefined
gsm for alcohol and accident.c(80): warning:  #223-D: function "delay" declared implicitly
gsm for alcohol and accident.c(88): warning:  #223-D: function "delay" declared implicitly
gsm for alcohol and accident.c(95): error:  #20: identifier "AT" is undefined
gsm for alcohol and accident.c(97): error:  #20: identifier "temp" is undefined
gsm for alcohol and accident.c(99): error:  #20: identifier "temp" is undefined
gsm for alcohol and accident.c(99): error:  #20: identifier "OK" is undefined
gsm for alcohol and accident.c(102): error:  #20: identifier "AT_CMGF" is undefined
gsm for alcohol and accident.c(104): error:  #20: identifier "AT_CMGS" is undefined
compiling lcd command display.c...
compiling gps reciever.c...
gsm.h(13): error:  #130: expected a "{"
gps reciever.c(12): warning:  #12-D: parsing restarts here after previous syntax error
gps reciever.c(21): warning:  #223-D: function "read_gps" declared implicitly
gps reciever.c(26): error:  #159: declaration is incompatible with previous "read_gps" (declared at line 21)
gps reciever.c(30): warning:  #223-D: function "uart0_recv_gsm" declared implicitly
gps reciever.c(30): error:  #20: identifier "gps_data" is undefined
gps reciever.c(43): warning:  #223-D: function "uart_recv_gsm" declared implicitly
gps reciever.c(44): error:  #20: identifier "time" is undefined
gps reciever.c(48): warning:  #223-D: function "uart_recv_gsm" declared implicitly
gps reciever.c(49): error:  #20: identifier "lat" is undefined
gps reciever.c(54): warning:  #223-D: function "uart_recv_gsm" declared implicitly
gps reciever.c(55): error:  #20: identifier "lon" is undefined
gps reciever.c(64): error:  #20: identifier "lat" is undefined
gps reciever.c(65): error:  #20: identifier "lon" is undefined
Target not created
Build target 'Target 1'
assembling Startup.s...
compiling alcohol and viveration.c...
gsm.h(13): error:  #130: expected a "{"
alcohol and viveration.c(7): warning:  #12-D: parsing restarts here after previous syntax error
alcohol and viveration.c(12): warning:  #223-D: function "gps_reciever" declared implicitly
alcohol and viveration.c(14): error:  #20: identifier "flag" is undefined
alcohol and viveration.c(43): error:  #20: identifier "viberation_isr" is undefined
alcohol and viveration.c(47): error:  #20: identifier "flag" is undefined
alcohol and viveration.c(52): warning:  #223-D: function "gsm_send_msg" declared implicitly
compiling gsm for alcohol and accident.c...
GSM.h(13): error:  #130: expected a "{"
gsm for alcohol and accident.c(13): warning:  #12-D: parsing restarts here after previous syntax error
gsm for alcohol and accident.c(19): error:  #247: function "GSM_UART0_init" has already been defined
gsm for alcohol and accident.c(21): error:  #20: identifier "UART0_GSM_ALL" is undefined
gsm for alcohol and accident.c(69): error:  #20: identifier "temp" is undefined
gsm for alcohol and accident.c(76): error:  #20: identifier "temp" is undefined
gsm for alcohol and accident.c(80): warning:  #223-D: function "delay" declared implicitly
gsm for alcohol and accident.c(88): warning:  #223-D: function "delay" declared implicitly
gsm for alcohol and accident.c(95): error:  #20: identifier "AT" is undefined
gsm for alcohol and accident.c(97): error:  #20: identifier "temp" is undefined
gsm for alcohol and accident.c(99): error:  #20: identifier "temp" is undefined
gsm for alcohol and accident.c(99): error:  #20: identifier "OK" is undefined
gsm for alcohol and accident.c(102): error:  #20: identifier "AT_CMGF" is undefined
gsm for alcohol and accident.c(104): error:  #20: identifier "AT_CMGS" is undefined
compiling lcd command display.c...
compiling gps reciever.c...
gsm.h(13): error:  #130: expected a "{"
gps reciever.c(12): warning:  #12-D: parsing restarts here after previous syntax error
gps reciever.c(21): warning:  #223-D: function "read_gps" declared implicitly
gps reciever.c(26): error:  #159: declaration is incompatible with previous "read_gps" (declared at line 21)
gps reciever.c(30): warning:  #223-D: function "uart0_recv_gsm" declared implicitly
gps reciever.c(30): error:  #20: identifier "gps_data" is undefined
gps reciever.c(44): error:  #20: identifier "time" is undefined
gps reciever.c(49): error:  #20: identifier "lat" is undefined
gps reciever.c(55): error:  #20: identifier "lon" is undefined
gps reciever.c(64): error:  #20: identifier "lat" is undefined
gps reciever.c(65): error:  #20: identifier "lon" is undefined
Target not created
Build target 'Target 1'
assembling Startup.s...
compiling alcohol and viveration.c...
compiling gsm for alcohol and accident.c...
gsm for alcohol and accident.c(21): error:  #20: identifier "UART0_GSM_ALL" is undefined
compiling lcd command display.c...
compiling gps reciever.c...
Target not created
Build target 'Target 1'
assembling Startup.s...
compiling alcohol and viveration.c...
compiling gsm for alcohol and accident.c...
compiling lcd command display.c...
compiling gps reciever.c...
linking...
Program Size: Code=3240 RO-data=80 RW-data=28 ZI-data=1308  
FromELF: creating hex file...
"accident and alcohol.axf" - 0 Error(s), 0 Warning(s).
Build target 'Target 1'
assembling Startup.s...
compiling alcohol and viveration.c...
compiling gsm for alcohol and accident.c...
compiling lcd command display.c...
compiling gps reciever.c...
linking...
Program Size: Code=3240 RO-data=80 RW-data=28 ZI-data=1308  
FromELF: creating hex file...
"accident and alcohol.axf" - 0 Error(s), 0 Warning(s).
Build target 'Target 1'
assembling Startup.s...
compiling alcohol and viveration.c...
alcohol and viveration.c(50): error:  #20: identifier "lat" is undefined
alcohol and viveration.c(50): error:  #20: identifier "lon" is undefined
alcohol and viveration.c(50): error:  #140: too many arguments in function call
compiling gsm for alcohol and accident.c...
gsm for alcohol and accident.c(86): error:  #147-D: declaration is incompatible with "void gsm_send_msg(char *)" (declared at line 21 of "GSM.h")
compiling lcd command display.c...
compiling gps reciever.c...
gps reciever.c(21): warning:  #940-D: missing return statement at end of non-void function "gps_reciever"
Target not created
Build target 'Target 1'
assembling Startup.s...
compiling alcohol and viveration.c...
alcohol and viveration.c(50): error:  #20: identifier "lat" is undefined
alcohol and viveration.c(50): error:  #20: identifier "lon" is undefined
alcohol and viveration.c(50): error:  #140: too many arguments in function call
compiling gsm for alcohol and accident.c...
gsm for alcohol and accident.c(86): error:  #147-D: declaration is incompatible with "void gsm_send_msg(char *)" (declared at line 21 of "GSM.h")
compiling lcd command display.c...
compiling gps reciever.c...
gps reciever.c(21): warning:  #940-D: missing return statement at end of non-void function "gps_reciever"
gps reciever.c(23): error:  #147-D: declaration is incompatible with "void read_gps(void)" (declared at line 4)
Target not created
Build target 'Target 1'
assembling Startup.s...
compiling alcohol and viveration.c...
alcohol and viveration.c(50): error:  #20: identifier "lat" is undefined
alcohol and viveration.c(50): error:  #20: identifier "lon" is undefined
alcohol and viveration.c(50): error:  #140: too many arguments in function call
compiling gsm for alcohol and accident.c...
gsm for alcohol and accident.c(86): error:  #147-D: declaration is incompatible with "void gsm_send_msg(char *)" (declared at line 21 of "GSM.h")
compiling lcd command display.c...
compiling gps reciever.c...
Target not created
Build target 'Target 1'
assembling Startup.s...
compiling alcohol and viveration.c...
alcohol and viveration.c(50): error:  #20: identifier "lat" is undefined
alcohol and viveration.c(50): error:  #20: identifier "lon" is undefined
compiling gsm for alcohol and accident.c...
compiling lcd command display.c...
compiling gps reciever.c...
Target not created
Build target 'Target 1'
assembling Startup.s...
compiling alcohol and viveration.c...
alcohol and viveration.c(50): error:  #29: expected an expression
alcohol and viveration.c(50): error:  #29: expected an expression
compiling gsm for alcohol and accident.c...
compiling lcd command display.c...
compiling gps reciever.c...
Target not created
Build target 'Target 1'
assembling Startup.s...
compiling alcohol and viveration.c...
alcohol and viveration.c(6): error:  #77-D: this declaration has no storage class or type specifier
alcohol and viveration.c(6): error:  #65: expected a ";"
alcohol and viveration.c(53): error:  #20: identifier "lat" is undefined
alcohol and viveration.c(53): error:  #20: identifier "lon" is undefined
compiling gsm for alcohol and accident.c...
compiling lcd command display.c...
compiling gps reciever.c...
Target not created
Build target 'Target 1'
assembling Startup.s...
compiling alcohol and viveration.c...
compiling gsm for alcohol and accident.c...
compiling lcd command display.c...
compiling gps reciever.c...
linking...
Program Size: Code=3296 RO-data=80 RW-data=28 ZI-data=1308  
FromELF: creating hex file...
"accident and alcohol.axf" - 0 Error(s), 0 Warning(s).
Build target 'Target 1'
assembling Startup.s...
compiling alcohol and viveration.c...
alcohol and viveration.c(55): warning:  #223-D: function "GSM_UART0init" declared implicitly
compiling gsm for alcohol and accident.c...
compiling lcd command display.c...
compiling gps reciever.c...
linking...
accident and alcohol.axf: Error: L6218E: Undefined symbol GSM_UART0init (referred from alcohol and viveration.o).
Target not created
Build target 'Target 1'
assembling Startup.s...
compiling alcohol and viveration.c...
compiling gsm for alcohol and accident.c...
compiling lcd command display.c...
compiling gps reciever.c...
linking...
Program Size: Code=3308 RO-data=80 RW-data=28 ZI-data=1308  
FromELF: creating hex file...
"accident and alcohol.axf" - 0 Error(s), 0 Warning(s).
Build target 'Target 1'
assembling Startup.s...
compiling alcohol and viveration.c...
compiling gsm for alcohol and accident.c...
compiling lcd command display.c...
compiling gps reciever.c...
linking...
Program Size: Code=3324 RO-data=80 RW-data=28 ZI-data=1308  
FromELF: creating hex file...
"accident and alcohol.axf" - 0 Error(s), 0 Warning(s).
Build target 'Target 1'
assembling Startup.s...
compiling alcohol and viveration.c...
compiling gsm for alcohol and accident.c...
compiling lcd command display.c...
compiling gps reciever.c...
linking...
Program Size: Code=3324 RO-data=80 RW-data=28 ZI-data=1308  
FromELF: creating hex file...
"accident and alcohol.axf" - 0 Error(s), 0 Warning(s).
Build target 'Target 1'
assembling Startup.s...
compiling alcohol and viveration.c...
alcohol and viveration.c(55): warning:  #223-D: function "GSM_UART0_init" declared implicitly
compiling gsm for alcohol and accident.c...
compiling lcd command display.c...
compiling gps reciever.c...
gps reciever.c(13): warning:  #223-D: function "GSM_UART0_init" declared implicitly
linking...
accident and alcohol.axf: Error: L6218E: Undefined symbol GSM_UART0_init (referred from alcohol and viveration.o).
Target not created
Build target 'Target 1'
assembling Startup.s...
compiling alcohol and viveration.c...
compiling gsm for alcohol and accident.c...
compiling lcd command display.c...
compiling gps reciever.c...
gps reciever.c(13): warning:  #223-D: function "GSM_UART0_init" declared implicitly
linking...
accident and alcohol.axf: Error: L6218E: Undefined symbol GSM_UART0_init (referred from gps reciever.o).
Target not created
Build target 'Target 1'
assembling Startup.s...
compiling alcohol and viveration.c...
compiling gsm for alcohol and accident.c...
compiling lcd command display.c...
compiling gps reciever.c...
linking...
Program Size: Code=3328 RO-data=80 RW-data=28 ZI-data=1308  
FromELF: creating hex file...
"accident and alcohol.axf" - 0 Error(s), 0 Warning(s).
Build target 'Target 1'
assembling Startup.s...
compiling alcohol and viveration.c...
compiling gsm for alcohol and accident.c...
compiling lcd command display.c...
compiling gps reciever.c...
linking...
Program Size: Code=3384 RO-data=80 RW-data=28 ZI-data=1308  
FromELF: creating hex file...
"accident and alcohol.axf" - 0 Error(s), 0 Warning(s).
Build target 'Target 1'
assembling Startup.s...
compiling alcohol and viveration.c...
gsm.h(24): error:  #130: expected a "{"
alcohol and viveration.c(11): warning:  #12-D: parsing restarts here after previous syntax error
alcohol and viveration.c(16): error:  #20: identifier "flag" is undefined
alcohol and viveration.c(45): error:  #20: identifier "viberation_isr" is undefined
alcohol and viveration.c(49): error:  #20: identifier "flag" is undefined
alcohol and viveration.c(56): warning:  #223-D: function "gps_reciever" declared implicitly
alcohol and viveration.c(57): warning:  #223-D: function "gsm_send_msg" declared implicitly
alcohol and viveration.c(57): error:  #20: identifier "lat" is undefined
alcohol and viveration.c(57): error:  #20: identifier "lon" is undefined
compiling gsm for alcohol and accident.c...
GSM.h(24): error:  #130: expected a "{"
gsm for alcohol and accident.c(14): warning:  #12-D: parsing restarts here after previous syntax error
gsm for alcohol and accident.c(84): error:  #20: identifier "temp" is undefined
gsm for alcohol and accident.c(91): error:  #20: identifier "temp" is undefined
gsm for alcohol and accident.c(95): warning:  #223-D: function "delay" declared implicitly
gsm for alcohol and accident.c(99): error:  #247: function "gps_response" has already been defined
gsm for alcohol and accident.c(106): warning:  #223-D: function "uart0_recv_gsm" declared implicitly
gsm for alcohol and accident.c(107): error:  #20: identifier "temp" is undefined
gsm for alcohol and accident.c(113): warning:  #223-D: function "uart0_recv_gsm" declared implicitly
gsm for alcohol and accident.c(114): error:  #20: identifier "temp" is undefined
gsm for alcohol and accident.c(118): warning:  #223-D: function "delay" declared implicitly
gsm for alcohol and accident.c(126): warning:  #223-D: function "delay" declared implicitly
gsm for alcohol and accident.c(133): error:  #20: identifier "AT" is undefined
gsm for alcohol and accident.c(135): error:  #20: identifier "temp" is undefined
gsm for alcohol and accident.c(137): error:  #20: identifier "temp" is undefined
gsm for alcohol and accident.c(137): error:  #20: identifier "OK" is undefined
gsm for alcohol and accident.c(140): error:  #20: identifier "AT_CMGF" is undefined
gsm for alcohol and accident.c(142): error:  #20: identifier "AT_CMGS" is undefined
gsm for alcohol and accident.c(152): warning:  #223-D: function "delay" declared implicitly
gsm for alcohol and accident.c(159): error:  #20: identifier "AT" is undefined
gsm for alcohol and accident.c(161): error:  #20: identifier "temp" is undefined
gsm for alcohol and accident.c(163): error:  #20: identifier "temp" is undefined
gsm for alcohol and accident.c(163): error:  #20: identifier "OK" is undefined
gsm for alcohol and accident.c(166): error:  #20: identifier "AT_CMGF" is undefined
gsm for alcohol and accident.c(168): error:  #20: identifier "AT_CMGS" is undefined
compiling lcd command display.c...
compiling gps reciever.c...
gsm.h(24): error:  #130: expected a "{"
gps reciever.c(12): warning:  #12-D: parsing restarts here after previous syntax error
gps reciever.c(19): warning:  #223-D: function "read_gps" declared implicitly
gps reciever.c(23): error:  #159: declaration is incompatible with previous "read_gps" (declared at line 19)
gps reciever.c(27): error:  #20: identifier "gps_data" is undefined
gps reciever.c(41): error:  #20: identifier "time" is undefined
gps reciever.c(46): error:  #20: identifier "lat" is undefined
gps reciever.c(52): error:  #20: identifier "lon" is undefined
gps reciever.c(61): error:  #20: identifier "lat" is undefined
gps reciever.c(62): error:  #20: identifier "lon" is undefined
Target not created
Build target 'Target 1'
assembling Startup.s...
compiling alcohol and viveration.c...
gsm.h(24): error:  #130: expected a "{"
alcohol and viveration.c(11): warning:  #12-D: parsing restarts here after previous syntax error
alcohol and viveration.c(16): error:  #20: identifier "flag" is undefined
alcohol and viveration.c(45): error:  #20: identifier "viberation_isr" is undefined
alcohol and viveration.c(49): error:  #20: identifier "flag" is undefined
alcohol and viveration.c(56): warning:  #223-D: function "gps_reciever" declared implicitly
alcohol and viveration.c(57): warning:  #223-D: function "gsm_send_msg" declared implicitly
alcohol and viveration.c(57): error:  #20: identifier "lat" is undefined
alcohol and viveration.c(57): error:  #20: identifier "lon" is undefined
compiling gsm for alcohol and accident.c...
GSM.h(24): error:  #130: expected a "{"
gsm for alcohol and accident.c(14): warning:  #12-D: parsing restarts here after previous syntax error
gsm for alcohol and accident.c(84): error:  #20: identifier "temp" is undefined
gsm for alcohol and accident.c(91): error:  #20: identifier "temp" is undefined
gsm for alcohol and accident.c(95): warning:  #223-D: function "delay" declared implicitly
gsm for alcohol and accident.c(99): error:  #247: function "gps_response" has already been defined
gsm for alcohol and accident.c(106): warning:  #223-D: function "uart0_recv_gsm" declared implicitly
gsm for alcohol and accident.c(107): error:  #20: identifier "temp" is undefined
gsm for alcohol and accident.c(113): warning:  #223-D: function "uart0_recv_gsm" declared implicitly
gsm for alcohol and accident.c(114): error:  #20: identifier "temp" is undefined
gsm for alcohol and accident.c(118): warning:  #223-D: function "delay" declared implicitly
gsm for alcohol and accident.c(126): warning:  #223-D: function "delay" declared implicitly
gsm for alcohol and accident.c(133): error:  #20: identifier "AT" is undefined
gsm for alcohol and accident.c(135): error:  #20: identifier "temp" is undefined
gsm for alcohol and accident.c(137): error:  #20: identifier "temp" is undefined
gsm for alcohol and accident.c(137): error:  #20: identifier "OK" is undefined
gsm for alcohol and accident.c(140): error:  #20: identifier "AT_CMGF" is undefined
gsm for alcohol and accident.c(142): error:  #20: identifier "AT_CMGS" is undefined
gsm for alcohol and accident.c(152): warning:  #223-D: function "delay" declared implicitly
gsm for alcohol and accident.c(159): error:  #20: identifier "AT" is undefined
gsm for alcohol and accident.c(161): error:  #20: identifier "temp" is undefined
gsm for alcohol and accident.c(163): error:  #20: identifier "temp" is undefined
gsm for alcohol and accident.c(163): error:  #20: identifier "OK" is undefined
gsm for alcohol and accident.c(166): error:  #20: identifier "AT_CMGF" is undefined
gsm for alcohol and accident.c(168): error:  #20: identifier "AT_CMGS" is undefined
compiling lcd command display.c...
compiling gps reciever.c...
gsm.h(24): error:  #130: expected a "{"
gps reciever.c(12): warning:  #12-D: parsing restarts here after previous syntax error
gps reciever.c(19): warning:  #223-D: function "read_gps" declared implicitly
gps reciever.c(23): error:  #159: declaration is incompatible with previous "read_gps" (declared at line 19)
gps reciever.c(27): error:  #20: identifier "gps_data" is undefined
gps reciever.c(41): error:  #20: identifier "time" is undefined
gps reciever.c(46): error:  #20: identifier "lat" is undefined
gps reciever.c(52): error:  #20: identifier "lon" is undefined
gps reciever.c(61): error:  #20: identifier "lat" is undefined
gps reciever.c(62): error:  #20: identifier "lon" is undefined
Target not created
Build target 'Target 1'
assembling Startup.s...
compiling alcohol and viveration.c...
gsm.h(24): error:  #130: expected a "{"
alcohol and viveration.c(11): warning:  #12-D: parsing restarts here after previous syntax error
alcohol and viveration.c(16): error:  #20: identifier "flag" is undefined
alcohol and viveration.c(47): error:  #20: identifier "viberation_isr" is undefined
alcohol and viveration.c(51): error:  #20: identifier "flag" is undefined
alcohol and viveration.c(57): warning:  #223-D: function "gps_reciever" declared implicitly
alcohol and viveration.c(58): warning:  #223-D: function "gsm_send_msg" declared implicitly
alcohol and viveration.c(58): error:  #20: identifier "lat" is undefined
alcohol and viveration.c(58): error:  #20: identifier "lon" is undefined
compiling gsm for alcohol and accident.c...
gsm for alcohol and accident.c(1): warning:  #14-D: extra text after expected end of preprocessing directive
GSM.h(24): error:  #130: expected a "{"
gsm for alcohol and accident.c(14): warning:  #12-D: parsing restarts here after previous syntax error
gsm for alcohol and accident.c(84): error:  #20: identifier "temp" is undefined
gsm for alcohol and accident.c(91): error:  #20: identifier "temp" is undefined
gsm for alcohol and accident.c(95): warning:  #223-D: function "delay" declared implicitly
gsm for alcohol and accident.c(99): error:  #247: function "gps_response" has already been defined
gsm for alcohol and accident.c(106): warning:  #223-D: function "uart0_recv_gsm" declared implicitly
gsm for alcohol and accident.c(107): error:  #20: identifier "temp" is undefined
gsm for alcohol and accident.c(113): warning:  #223-D: function "uart0_recv_gsm" declared implicitly
gsm for alcohol and accident.c(114): error:  #20: identifier "temp" is undefined
gsm for alcohol and accident.c(118): warning:  #223-D: function "delay" declared implicitly
gsm for alcohol and accident.c(126): warning:  #223-D: function "delay" declared implicitly
gsm for alcohol and accident.c(133): error:  #20: identifier "AT" is undefined
gsm for alcohol and accident.c(135): error:  #20: identifier "temp" is undefined
gsm for alcohol and accident.c(137): error:  #20: identifier "temp" is undefined
gsm for alcohol and accident.c(137): error:  #20: identifier "OK" is undefined
gsm for alcohol and accident.c(140): error:  #20: identifier "AT_CMGF" is undefined
gsm for alcohol and accident.c(142): error:  #20: identifier "AT_CMGS" is undefined
gsm for alcohol and accident.c(152): warning:  #223-D: function "delay" declared implicitly
gsm for alcohol and accident.c(159): error:  #20: identifier "AT" is undefined
gsm for alcohol and accident.c(161): error:  #20: identifier "temp" is undefined
gsm for alcohol and accident.c(163): error:  #20: identifier "temp" is undefined
gsm for alcohol and accident.c(163): error:  #20: identifier "OK" is undefined
gsm for alcohol and accident.c(166): error:  #20: identifier "AT_CMGF" is undefined
gsm for alcohol and accident.c(168): error:  #20: identifier "AT_CMGS" is undefined
compiling lcd command display.c...
compiling gps reciever.c...
gsm.h(24): error:  #130: expected a "{"
gps reciever.c(12): warning:  #12-D: parsing restarts here after previous syntax error
gps reciever.c(19): warning:  #223-D: function "read_gps" declared implicitly
gps reciever.c(23): error:  #159: declaration is incompatible with previous "read_gps" (declared at line 19)
gps reciever.c(27): error:  #20: identifier "gps_data" is undefined
gps reciever.c(41): error:  #20: identifier "time" is undefined
gps reciever.c(46): error:  #20: identifier "lat" is undefined
gps reciever.c(52): error:  #20: identifier "lon" is undefined
gps reciever.c(61): error:  #20: identifier "lat" is undefined
gps reciever.c(62): error:  #20: identifier "lon" is undefined
Target not created
Build target 'Target 1'
assembling Startup.s...
compiling alcohol and viveration.c...
gsm.h(24): error:  #130: expected a "{"
alcohol and viveration.c(11): warning:  #12-D: parsing restarts here after previous syntax error
alcohol and viveration.c(16): error:  #20: identifier "flag" is undefined
alcohol and viveration.c(34): error:  #20: identifier "viberation_isr" is undefined
alcohol and viveration.c(54): error:  #20: identifier "flag" is undefined
alcohol and viveration.c(59): warning:  #223-D: function "read_gps" declared implicitly
alcohol and viveration.c(60): warning:  #223-D: function "gsm_send_msg" declared implicitly
alcohol and viveration.c(60): error:  #20: identifier "lat" is undefined
alcohol and viveration.c(60): error:  #20: identifier "lon" is undefined
compiling gsm for alcohol and accident.c...
gsm for alcohol and accident.c(1): warning:  #14-D: extra text after expected end of preprocessing directive
GSM.h(24): error:  #130: expected a "{"
gsm for alcohol and accident.c(14): warning:  #12-D: parsing restarts here after previous syntax error
gsm for alcohol and accident.c(79): error:  #20: identifier "temp" is undefined
gsm for alcohol and accident.c(86): error:  #20: identifier "temp" is undefined
gsm for alcohol and accident.c(101): warning:  #223-D: function "delay" declared implicitly
gsm for alcohol and accident.c(102): error:  #20: identifier "AT" is undefined
gsm for alcohol and accident.c(104): error:  #20: identifier "temp" is undefined
gsm for alcohol and accident.c(106): error:  #20: identifier "temp" is undefined
gsm for alcohol and accident.c(106): error:  #20: identifier "OK" is undefined
gsm for alcohol and accident.c(108): warning:  #223-D: function "delay" declared implicitly
gsm for alcohol and accident.c(109): error:  #20: identifier "AT_CMGF" is undefined
gsm for alcohol and accident.c(111): error:  #20: identifier "AT_CMGS" is undefined
compiling lcd command display.c...
compiling gps reciever.c...
gsm.h(24): error:  #130: expected a "{"
gps reciever.c(24): warning:  #12-D: parsing restarts here after previous syntax error
gps reciever.c(27): error:  #20: identifier "gps_data" is undefined
gps reciever.c(41): error:  #20: identifier "time" is undefined
gps reciever.c(46): error:  #20: identifier "lat" is undefined
gps reciever.c(52): error:  #20: identifier "lon" is undefined
gps reciever.c(61): error:  #20: identifier "lat" is undefined
gps reciever.c(62): error:  #20: identifier "lon" is undefined
Target not created
Build target 'Target 1'
assembling Startup.s...
compiling alcohol and viveration.c...
gsm.h(24): error:  #130: expected a "{"
alcohol and viveration.c(11): warning:  #12-D: parsing restarts here after previous syntax error
alcohol and viveration.c(16): error:  #20: identifier "flag" is undefined
alcohol and viveration.c(34): error:  #20: identifier "viberation_isr" is undefined
alcohol and viveration.c(54): error:  #20: identifier "flag" is undefined
alcohol and viveration.c(59): warning:  #223-D: function "read_gps" declared implicitly
alcohol and viveration.c(60): warning:  #223-D: function "gsm_send_msg" declared implicitly
alcohol and viveration.c(60): error:  #20: identifier "lat" is undefined
alcohol and viveration.c(60): error:  #20: identifier "lon" is undefined
compiling gsm for alcohol and accident.c...
gsm for alcohol and accident.c(1): warning:  #14-D: extra text after expected end of preprocessing directive
GSM.h(24): error:  #130: expected a "{"
gsm for alcohol and accident.c(14): warning:  #12-D: parsing restarts here after previous syntax error
gsm for alcohol and accident.c(79): error:  #20: identifier "temp" is undefined
gsm for alcohol and accident.c(86): error:  #20: identifier "temp" is undefined
gsm for alcohol and accident.c(101): warning:  #223-D: function "delay" declared implicitly
gsm for alcohol and accident.c(102): error:  #20: identifier "AT" is undefined
gsm for alcohol and accident.c(104): error:  #20: identifier "temp" is undefined
gsm for alcohol and accident.c(106): error:  #20: identifier "temp" is undefined
gsm for alcohol and accident.c(106): error:  #20: identifier "OK" is undefined
gsm for alcohol and accident.c(108): warning:  #223-D: function "delay" declared implicitly
gsm for alcohol and accident.c(109): error:  #20: identifier "AT_CMGF" is undefined
gsm for alcohol and accident.c(111): error:  #20: identifier "AT_CMGS" is undefined
compiling lcd command display.c...
compiling gps reciever.c...
gsm.h(24): error:  #130: expected a "{"
gps reciever.c(24): warning:  #12-D: parsing restarts here after previous syntax error
gps reciever.c(27): error:  #20: identifier "gps_data" is undefined
gps reciever.c(41): error:  #20: identifier "time" is undefined
gps reciever.c(46): error:  #20: identifier "lat" is undefined
gps reciever.c(52): error:  #20: identifier "lon" is undefined
gps reciever.c(61): error:  #20: identifier "lat" is undefined
gps reciever.c(62): error:  #20: identifier "lon" is undefined
Target not created
Build target 'Target 1'
assembling Startup.s...
compiling alcohol and viveration.c...
gsm.h(20): error:  #130: expected a "{"
alcohol and viveration.c(11): warning:  #12-D: parsing restarts here after previous syntax error
alcohol and viveration.c(16): error:  #20: identifier "flag" is undefined
alcohol and viveration.c(34): error:  #20: identifier "viberation_isr" is undefined
alcohol and viveration.c(54): error:  #20: identifier "flag" is undefined
alcohol and viveration.c(59): warning:  #223-D: function "read_gps" declared implicitly
compiling gsm for alcohol and accident.c...
gsm for alcohol and accident.c(1): warning:  #14-D: extra text after expected end of preprocessing directive
GSM.h(20): error:  #130: expected a "{"
gsm for alcohol and accident.c(14): warning:  #12-D: parsing restarts here after previous syntax error
gsm for alcohol and accident.c(79): error:  #20: identifier "temp" is undefined
gsm for alcohol and accident.c(86): error:  #20: identifier "temp" is undefined
gsm for alcohol and accident.c(101): warning:  #223-D: function "delay" declared implicitly
gsm for alcohol and accident.c(102): error:  #20: identifier "AT" is undefined
gsm for alcohol and accident.c(104): error:  #20: identifier "temp" is undefined
gsm for alcohol and accident.c(106): error:  #20: identifier "temp" is undefined
gsm for alcohol and accident.c(106): error:  #20: identifier "OK" is undefined
gsm for alcohol and accident.c(108): warning:  #223-D: function "delay" declared implicitly
gsm for alcohol and accident.c(109): error:  #20: identifier "AT_CMGF" is undefined
gsm for alcohol and accident.c(111): error:  #20: identifier "AT_CMGS" is undefined
compiling lcd command display.c...
compiling gps reciever.c...
gsm.h(20): error:  #130: expected a "{"
gps reciever.c(24): warning:  #12-D: parsing restarts here after previous syntax error
gps reciever.c(27): error:  #20: identifier "gps_data" is undefined
gps reciever.c(41): error:  #20: identifier "time" is undefined
gps reciever.c(46): error:  #20: identifier "lat" is undefined
gps reciever.c(52): error:  #20: identifier "lon" is undefined
gps reciever.c(61): error:  #20: identifier "lat" is undefined
gps reciever.c(62): error:  #20: identifier "lon" is undefined
Target not created
Build target 'Target 1'
assembling Startup.s...
compiling alcohol and viveration.c...
gsm.h(20): error:  #130: expected a "{"
alcohol and viveration.c(11): warning:  #12-D: parsing restarts here after previous syntax error
alcohol and viveration.c(16): error:  #20: identifier "flag" is undefined
alcohol and viveration.c(34): error:  #20: identifier "viberation_isr" is undefined
alcohol and viveration.c(54): error:  #20: identifier "flag" is undefined
alcohol and viveration.c(59): warning:  #223-D: function "read_gps" declared implicitly
compiling gsm for alcohol and accident.c...
gsm for alcohol and accident.c(1): warning:  #14-D: extra text after expected end of preprocessing directive
GSM.h(20): error:  #130: expected a "{"
gsm for alcohol and accident.c(14): warning:  #12-D: parsing restarts here after previous syntax error
gsm for alcohol and accident.c(79): error:  #20: identifier "temp" is undefined
gsm for alcohol and accident.c(86): error:  #20: identifier "temp" is undefined
gsm for alcohol and accident.c(101): warning:  #223-D: function "delay" declared implicitly
gsm for alcohol and accident.c(102): error:  #20: identifier "AT" is undefined
gsm for alcohol and accident.c(104): error:  #20: identifier "temp" is undefined
gsm for alcohol and accident.c(106): error:  #20: identifier "temp" is undefined
gsm for alcohol and accident.c(106): error:  #20: identifier "OK" is undefined
gsm for alcohol and accident.c(108): warning:  #223-D: function "delay" declared implicitly
gsm for alcohol and accident.c(109): error:  #20: identifier "AT_CMGF" is undefined
gsm for alcohol and accident.c(111): error:  #20: identifier "AT_CMGS" is undefined
compiling lcd command display.c...
compiling gps reciever.c...
gsm.h(20): error:  #130: expected a "{"
gps reciever.c(24): warning:  #12-D: parsing restarts here after previous syntax error
gps reciever.c(27): error:  #20: identifier "gps_data" is undefined
gps reciever.c(41): error:  #20: identifier "time" is undefined
gps reciever.c(46): error:  #20: identifier "lat" is undefined
gps reciever.c(52): error:  #20: identifier "lon" is undefined
gps reciever.c(61): error:  #20: identifier "lat" is undefined
gps reciever.c(62): error:  #20: identifier "lon" is undefined
Target not created
Build target 'Target 1'
assembling Startup.s...
compiling alcohol and viveration.c...
gsm.h(20): error:  #130: expected a "{"
alcohol and viveration.c(11): warning:  #12-D: parsing restarts here after previous syntax error
alcohol and viveration.c(16): error:  #20: identifier "flag" is undefined
alcohol and viveration.c(34): error:  #20: identifier "viberation_isr" is undefined
alcohol and viveration.c(54): error:  #20: identifier "flag" is undefined
alcohol and viveration.c(59): warning:  #223-D: function "read_gps" declared implicitly
compiling gsm for alcohol and accident.c...
gsm for alcohol and accident.c(1): warning:  #14-D: extra text after expected end of preprocessing directive
GSM.h(20): error:  #130: expected a "{"
gsm for alcohol and accident.c(14): warning:  #12-D: parsing restarts here after previous syntax error
gsm for alcohol and accident.c(79): error:  #20: identifier "temp" is undefined
gsm for alcohol and accident.c(86): error:  #20: identifier "temp" is undefined
gsm for alcohol and accident.c(101): warning:  #223-D: function "delay" declared implicitly
gsm for alcohol and accident.c(102): error:  #20: identifier "AT" is undefined
gsm for alcohol and accident.c(104): error:  #20: identifier "temp" is undefined
gsm for alcohol and accident.c(106): error:  #20: identifier "temp" is undefined
gsm for alcohol and accident.c(106): error:  #20: identifier "OK" is undefined
gsm for alcohol and accident.c(108): warning:  #223-D: function "delay" declared implicitly
gsm for alcohol and accident.c(109): error:  #20: identifier "AT_CMGF" is undefined
gsm for alcohol and accident.c(111): error:  #20: identifier "AT_CMGS" is undefined
compiling lcd command display.c...
compiling gps reciever.c...
gsm.h(20): error:  #130: expected a "{"
gps reciever.c(24): warning:  #12-D: parsing restarts here after previous syntax error
gps reciever.c(27): error:  #20: identifier "gps_data" is undefined
gps reciever.c(41): error:  #20: identifier "time" is undefined
gps reciever.c(46): error:  #20: identifier "lat" is undefined
gps reciever.c(52): error:  #20: identifier "lon" is undefined
gps reciever.c(61): error:  #20: identifier "lat" is undefined
gps reciever.c(62): error:  #20: identifier "lon" is undefined
Target not created
Build target 'Target 1'
assembling Startup.s...
compiling alcohol and viveration.c...
gsm.h(20): error:  #130: expected a "{"
alcohol and viveration.c(11): warning:  #12-D: parsing restarts here after previous syntax error
alcohol and viveration.c(16): error:  #20: identifier "flag" is undefined
alcohol and viveration.c(34): error:  #20: identifier "viberation_isr" is undefined
alcohol and viveration.c(54): error:  #20: identifier "flag" is undefined
alcohol and viveration.c(59): warning:  #223-D: function "read_gps" declared implicitly
compiling gsm for alcohol and accident.c...
gsm for alcohol and accident.c(1): warning:  #14-D: extra text after expected end of preprocessing directive
GSM.h(20): error:  #130: expected a "{"
gsm for alcohol and accident.c(14): warning:  #12-D: parsing restarts here after previous syntax error
gsm for alcohol and accident.c(79): error:  #20: identifier "temp" is undefined
gsm for alcohol and accident.c(86): error:  #20: identifier "temp" is undefined
gsm for alcohol and accident.c(101): warning:  #223-D: function "delay" declared implicitly
gsm for alcohol and accident.c(102): error:  #20: identifier "AT" is undefined
gsm for alcohol and accident.c(104): error:  #20: identifier "temp" is undefined
gsm for alcohol and accident.c(106): error:  #20: identifier "temp" is undefined
gsm for alcohol and accident.c(106): error:  #20: identifier "OK" is undefined
gsm for alcohol and accident.c(108): warning:  #223-D: function "delay" declared implicitly
gsm for alcohol and accident.c(109): error:  #20: identifier "AT_CMGF" is undefined
gsm for alcohol and accident.c(111): error:  #20: identifier "AT_CMGS" is undefined
compiling lcd command display.c...
compiling gps reciever.c...
gsm.h(20): error:  #130: expected a "{"
gps reciever.c(24): warning:  #12-D: parsing restarts here after previous syntax error
gps reciever.c(27): error:  #20: identifier "gps_data" is undefined
gps reciever.c(41): error:  #20: identifier "time" is undefined
gps reciever.c(46): error:  #20: identifier "lat" is undefined
gps reciever.c(52): error:  #20: identifier "lon" is undefined
gps reciever.c(61): error:  #20: identifier "lat" is undefined
gps reciever.c(62): error:  #20: identifier "lon" is undefined
Target not created
Build target 'Target 1'
assembling Startup.s...
compiling alcohol and viveration.c...
gps reciever.h(2): error:  #130: expected a "{"
alcohol and viveration.c(11): warning:  #12-D: parsing restarts here after previous syntax error
alcohol and viveration.c(16): error:  #20: identifier "flag" is undefined
alcohol and viveration.c(34): error:  #20: identifier "viberation_isr" is undefined
alcohol and viveration.c(54): error:  #20: identifier "flag" is undefined
alcohol and viveration.c(59): warning:  #223-D: function "read_gps" declared implicitly
compiling gsm for alcohol and accident.c...
gsm for alcohol and accident.c(1): warning:  #14-D: extra text after expected end of preprocessing directive
lcd link.h(1): error:  #130: expected a "{"
gsm for alcohol and accident.c(14): warning:  #12-D: parsing restarts here after previous syntax error
gsm for alcohol and accident.c(79): error:  #20: identifier "temp" is undefined
gsm for alcohol and accident.c(86): error:  #20: identifier "temp" is undefined
gsm for alcohol and accident.c(95): error:  #147-D: declaration is incompatible with "void gsm_send_msg(char *)" (declared at line 28 of "GSM.h")
gsm for alcohol and accident.c(101): warning:  #223-D: function "delay" declared implicitly
gsm for alcohol and accident.c(102): error:  #20: identifier "AT" is undefined
gsm for alcohol and accident.c(104): error:  #20: identifier "temp" is undefined
gsm for alcohol and accident.c(106): error:  #20: identifier "temp" is undefined
gsm for alcohol and accident.c(106): error:  #20: identifier "OK" is undefined
gsm for alcohol and accident.c(108): warning:  #223-D: function "delay" declared implicitly
gsm for alcohol and accident.c(109): error:  #20: identifier "AT_CMGF" is undefined
gsm for alcohol and accident.c(111): error:  #20: identifier "AT_CMGS" is undefined
compiling lcd command display.c...
compiling gps reciever.c...
gps reciever.c(4): error:  #130: expected a "{"
gps reciever.c(24): warning:  #12-D: parsing restarts here after previous syntax error
gps reciever.c(27): error:  #20: identifier "gps_data" is undefined
gps reciever.c(41): error:  #20: identifier "time" is undefined
gps reciever.c(46): error:  #20: identifier "lat" is undefined
gps reciever.c(52): error:  #20: identifier "lon" is undefined
gps reciever.c(61): error:  #20: identifier "lat" is undefined
gps reciever.c(62): error:  #20: identifier "lon" is undefined
Target not created
Build target 'Target 1'
assembling Startup.s...
compiling alcohol and viveration.c...
compiling gsm for alcohol and accident.c...
gsm for alcohol and accident.c(1): warning:  #14-D: extra text after expected end of preprocessing directive
gsm for alcohol and accident.c(6): error:  #169: expected a declaration
gsm for alcohol and accident.c(95): error:  #147-D: declaration is incompatible with "void gsm_send_msg(char *)" (declared at line 28 of "GSM.h")
gsm for alcohol and accident.c(102): error:  #20: identifier "AT" is undefined
compiling lcd command display.c...
compiling gps reciever.c...
Target not created
Build target 'Target 1'
assembling Startup.s...
compiling alcohol and viveration.c...
compiling gsm for alcohol and accident.c...
gsm for alcohol and accident.c(1): warning:  #14-D: extra text after expected end of preprocessing directive
gsm for alcohol and accident.c(6): error:  #169: expected a declaration
gsm for alcohol and accident.c(102): error:  #20: identifier "AT" is undefined
compiling lcd command display.c...
compiling gps reciever.c...
Target not created
Build target 'Target 1'
assembling Startup.s...
compiling alcohol and viveration.c...
compiling gsm for alcohol and accident.c...
gsm for alcohol and accident.c(1): warning:  #14-D: extra text after expected end of preprocessing directive
gsm for alcohol and accident.c(6): error:  #169: expected a declaration
gsm for alcohol and accident.c(102): error:  #20: identifier "AT" is undefined
compiling lcd command display.c...
compiling gps reciever.c...
Target not created
Build target 'Target 1'
assembling Startup.s...
compiling alcohol and viveration.c...
compiling gsm for alcohol and accident.c...
gsm for alcohol and accident.c(1): warning:  #14-D: extra text after expected end of preprocessing directive
gsm for alcohol and accident.c(6): error:  #169: expected a declaration
gsm for alcohol and accident.c(102): error:  #20: identifier "AT" is undefined
compiling lcd command display.c...
compiling gps reciever.c...
Target not created
Build target 'Target 1'
assembling Startup.s...
compiling alcohol and viveration.c...
compiling gsm for alcohol and accident.c...
gsm for alcohol and accident.c(1): warning:  #14-D: extra text after expected end of preprocessing directive
gsm for alcohol and accident.c(6): error:  #169: expected a declaration
gsm for alcohol and accident.c(102): error:  #20: identifier "AT" is undefined
compiling lcd command display.c...
compiling gps reciever.c...
Target not created
Build target 'Target 1'
assembling Startup.s...
compiling alcohol and viveration.c...
compiling gsm for alcohol and accident.c...
gsm for alcohol and accident.c(1): warning:  #14-D: extra text after expected end of preprocessing directive
gsm for alcohol and accident.c(6): error:  #169: expected a declaration
compiling lcd command display.c...
compiling gps reciever.c...
Target not created
Build target 'Target 1'
assembling Startup.s...
compiling alcohol and viveration.c...
compiling gsm for alcohol and accident.c...
gsm for alcohol and accident.c(1): warning:  #14-D: extra text after expected end of preprocessing directive
gsm for alcohol and accident.c(5): warning:  #14-D: extra text after expected end of preprocessing directive
compiling lcd command display.c...
compiling gps reciever.c...
linking...
Program Size: Code=3092 RO-data=80 RW-data=28 ZI-data=1308  
FromELF: creating hex file...
"accident and alcohol.axf" - 0 Error(s), 2 Warning(s).
Build target 'Target 1'
assembling Startup.s...
compiling alcohol and viveration.c...
compiling gsm for alcohol and accident.c...
gsm for alcohol and accident.c(1): warning:  #14-D: extra text after expected end of preprocessing directive
gsm for alcohol and accident.c(6): error:  #169: expected a declaration
compiling lcd command display.c...
compiling gps reciever.c...
Target not created
Build target 'Target 1'
assembling Startup.s...
compiling alcohol and viveration.c...
compiling gsm for alcohol and accident.c...
gsm for alcohol and accident.c(1): warning:  #14-D: extra text after expected end of preprocessing directive
gsm for alcohol and accident.c(5): warning:  #14-D: extra text after expected end of preprocessing directive
compiling lcd command display.c...
compiling gps reciever.c...
linking...
Program Size: Code=3092 RO-data=80 RW-data=28 ZI-data=1308  
FromELF: creating hex file...
"accident and alcohol.axf" - 0 Error(s), 2 Warning(s).
Build target 'Target 1'
assembling Startup.s...
compiling alcohol and viveration.c...
compiling gsm for alcohol and accident.c...
gsm for alcohol and accident.c(1): warning:  #14-D: extra text after expected end of preprocessing directive
gsm for alcohol and accident.c(6): error:  #169: expected a declaration
compiling lcd command display.c...
compiling gps reciever.c...
Target not created
Build target 'Target 1'
assembling Startup.s...
compiling alcohol and viveration.c...
compiling gsm for alcohol and accident.c...
gsm for alcohol and accident.c(1): warning:  #14-D: extra text after expected end of preprocessing directive
compiling lcd command display.c...
compiling gps reciever.c...
linking...
Program Size: Code=3108 RO-data=80 RW-data=28 ZI-data=1308  
FromELF: creating hex file...
"accident and alcohol.axf" - 0 Error(s), 1 Warning(s).
Build target 'Target 1'
assembling Startup.s...
compiling alcohol and viveration.c...
compiling gsm for alcohol and accident.c...
compiling lcd command display.c...
compiling gps reciever.c...
linking...
Program Size: Code=3108 RO-data=80 RW-data=28 ZI-data=1308  
FromELF: creating hex file...
"accident and alcohol.axf" - 0 Error(s), 0 Warning(s).
Build target 'Target 1'
assembling Startup.s...
compiling alcohol and viveration.c...
alcohol and viveration.c(60): warning:  #223-D: function "gsm_send_msg" declared implicitly
compiling gsm for alcohol and accident.c...
compiling lcd command display.c...
compiling gps reciever.c...
linking...
Program Size: Code=3152 RO-data=80 RW-data=28 ZI-data=1308  
FromELF: creating hex file...
"accident and alcohol.axf" - 0 Error(s), 1 Warning(s).
Build target 'Target 1'
assembling Startup.s...
compiling alcohol and viveration.c...
compiling gsm for alcohol and accident.c...
compiling lcd command display.c...
compiling gps reciever.c...
linking...
Program Size: Code=3152 RO-data=80 RW-data=28 ZI-data=1308  
FromELF: creating hex file...
"accident and alcohol.axf" - 0 Error(s), 0 Warning(s).
Build target 'Target 1'
assembling Startup.s...
compiling alcohol and viveration.c...
compiling gsm for alcohol and accident.c...
compiling lcd command display.c...
compiling gps reciever.c...
linking...
Program Size: Code=3152 RO-data=80 RW-data=28 ZI-data=1308  
FromELF: creating hex file...
"accident and alcohol.axf" - 0 Error(s), 0 Warning(s).
Build target 'Target 1'
assembling Startup.s...
compiling alcohol and viveration.c...
compiling gsm for alcohol and accident.c...
compiling lcd command display.c...
compiling gps reciever.c...
linking...
Program Size: Code=3200 RO-data=80 RW-data=28 ZI-data=1308  
FromELF: creating hex file...
"accident and alcohol.axf" - 0 Error(s), 0 Warning(s).
