ARM Linker, RVCT4.0 [Build 524] for uVision [Evaluation]

==============================================================================

Section Cross References

    startup.o(STACK) refers (Special) to heapauxi.o(.text) for __use_two_region_memory
    startup.o(HEAP) refers (Special) to heapauxi.o(.text) for __use_two_region_memory
    startup.o(RESET) refers (Special) to heapauxi.o(.text) for __use_two_region_memory
    startup.o(RESET) refers to portasm.o(PORT_ASM) for vPortYieldProcessor
    startup.o(RESET) refers to startup.o(STACK) for Stack_Top
    startup.o(RESET) refers to __main.o(!!!main) for __main
    startup.o(.text) refers (Special) to heapauxi.o(.text) for __use_two_region_memory
    startup.o(.text) refers to startup.o(HEAP) for Heap_Mem
    startup.o(.text) refers to startup.o(STACK) for Stack_Mem
    message_queue.o(.text) refers to aeabi_sdiv.o(.text) for __aeabi_idivmod
    message_queue.o(.text) refers to queue.o(.text) for xQueueReceive
    message_queue.o(.text) refers to tasks.o(.text) for vTaskSuspend
    message_queue.o(.text) refers to message_queue.o(.constdata) for .constdata
    message_queue.o(.text) refers to message_queue.o(.data) for xQueue
    queue.o(.text) refers to port.o(.text) for vPortEnterCritical
    queue.o(.text) refers to tasks.o(.text) for xTaskRemoveFromEventList
    queue.o(.text) refers to portasm.o(PORT_ASM) for vPortYield
    queue.o(.text) refers to list.o(.text) for vListInitialise
    queue.o(.text) refers to heap_4.o(.text) for pvPortMalloc
    queue.o(.text) refers to rt_memcpy.o(.text) for __aeabi_memcpy
    tasks.o(.text) refers to list.o(.text) for vListInitialise
    tasks.o(.text) refers to port.o(.text) for vPortEnterCritical
    tasks.o(.text) refers to portasm.o(PORT_ASM) for vPortYield
    tasks.o(.text) refers to heap_4.o(.text) for pvPortMalloc
    tasks.o(.text) refers to tasks.o(.bss) for .bss
    tasks.o(.text) refers to tasks.o(.data) for .data
    heap_4.o(.text) refers to tasks.o(.text) for vTaskSuspendAll
    heap_4.o(.text) refers to heap_4.o(.data) for .data
    heap_4.o(.text) refers to heap_4.o(.bss) for .bss
    port.o(.text) refers to portasm.o(PORT_ASM) for vPortStartFirstTask
    port.o(.text) refers to port.o(.data) for ulCriticalNesting
    portasm.o(PORT_ASM) refers to tasks.o(.data) for pxCurrentTCB
    portasm.o(PORT_ASM) refers to port.o(.data) for ulCriticalNesting
    portasm.o(PORT_ASM) refers to tasks.o(.text) for vTaskSwitchContext
    rt_memcpy.o(.text) refers to rt_memcpy_w.o(.text) for __aeabi_memcpy4
    aeabi_sdiv.o(.text_udiv) refers to aeabi_sdiv.o(.text) for __arm_div4
    aeabi_sdiv_div0.o(.text_udiv) refers to aeabi_sdiv_div0.o(.text) for __arm_div4
    __main.o(!!!main) refers to rtentry.o(.ARM.Collect$$rtentry$$00000000) for __rt_entry
    rtentry.o(.ARM.Collect$$rtentry$$00000000) refers (Special) to rtentry2.o(.ARM.Collect$$rtentry$$0000000A) for __rt_entry_li
    rtentry.o(.ARM.Collect$$rtentry$$00000000) refers (Special) to rtentry2.o(.ARM.Collect$$rtentry$$0000000D) for __rt_entry_main
    rtentry.o(.ARM.Collect$$rtentry$$00000000) refers (Special) to rtentry2.o(.ARM.Collect$$rtentry$$0000000C) for __rt_entry_postli_1
    rtentry.o(.ARM.Collect$$rtentry$$00000000) refers (Special) to rtentry2.o(.ARM.Collect$$rtentry$$00000009) for __rt_entry_postsh_1
    rtentry.o(.ARM.Collect$$rtentry$$00000000) refers (Special) to rtentry2.o(.ARM.Collect$$rtentry$$00000002) for __rt_entry_presh_1
    rtentry.o(.ARM.Collect$$rtentry$$00000000) refers (Special) to rtentry4.o(.ARM.Collect$$rtentry$$00000004) for __rt_entry_sh
    rtentry.o(.ARM.exidx) refers (Special) to rtentry2.o(.ARM.Collect$$rtentry$$0000000A) for __rt_entry_li
    rtentry.o(.ARM.exidx) refers (Special) to rtentry2.o(.ARM.Collect$$rtentry$$0000000D) for __rt_entry_main
    rtentry.o(.ARM.exidx) refers (Special) to rtentry2.o(.ARM.Collect$$rtentry$$0000000C) for __rt_entry_postli_1
    rtentry.o(.ARM.exidx) refers (Special) to rtentry2.o(.ARM.Collect$$rtentry$$00000009) for __rt_entry_postsh_1
    rtentry.o(.ARM.exidx) refers (Special) to rtentry2.o(.ARM.Collect$$rtentry$$00000002) for __rt_entry_presh_1
    rtentry.o(.ARM.exidx) refers (Special) to rtentry4.o(.ARM.Collect$$rtentry$$00000004) for __rt_entry_sh
    rtentry.o(.ARM.exidx) refers to rtentry.o(.ARM.Collect$$rtentry$$00000000) for .ARM.Collect$$rtentry$$00000000
    aeabi_idiv0_sigfpe.o(.text) refers to rt_div0.o(.text) for __rt_div0
    rtentry2.o(.ARM.Collect$$rtentry$$00000008) refers to boardinit2.o(.text) for _platform_post_stackheap_init
    rtentry2.o(.ARM.Collect$$rtentry$$0000000A) refers to libinit.o(.ARM.Collect$$libinit$$00000000) for __rt_lib_init
    rtentry2.o(.ARM.Collect$$rtentry$$0000000B) refers to boardinit3.o(.text) for _platform_post_lib_init
    rtentry2.o(.ARM.Collect$$rtentry$$0000000D) refers to exit.o(.text) for exit
    rtentry2.o(.ARM.Collect$$rtentry$$0000000D) refers to message_queue.o(.text) for main
    rtentry2.o(.ARM.exidx) refers to rtentry2.o(.ARM.Collect$$rtentry$$00000001) for .ARM.Collect$$rtentry$$00000001
    rtentry2.o(.ARM.exidx) refers to rtentry2.o(.ARM.Collect$$rtentry$$00000002) for .ARM.Collect$$rtentry$$00000002
    rtentry2.o(.ARM.exidx) refers to rtentry2.o(.ARM.Collect$$rtentry$$00000008) for .ARM.Collect$$rtentry$$00000008
    rtentry2.o(.ARM.exidx) refers to rtentry2.o(.ARM.Collect$$rtentry$$00000009) for .ARM.Collect$$rtentry$$00000009
    rtentry2.o(.ARM.exidx) refers to rtentry2.o(.ARM.Collect$$rtentry$$0000000A) for .ARM.Collect$$rtentry$$0000000A
    rtentry2.o(.ARM.exidx) refers to rtentry2.o(.ARM.Collect$$rtentry$$0000000B) for .ARM.Collect$$rtentry$$0000000B
    rtentry2.o(.ARM.exidx) refers to rtentry2.o(.ARM.Collect$$rtentry$$0000000C) for .ARM.Collect$$rtentry$$0000000C
    rtentry2.o(.ARM.exidx) refers to rtentry2.o(.ARM.Collect$$rtentry$$0000000D) for .ARM.Collect$$rtentry$$0000000D
    rtentry4.o(.ARM.Collect$$rtentry$$00000004) refers to sys_stackheap_outer.o(.text) for __user_setup_stackheap
    rtentry4.o(.ARM.exidx) refers to rtentry4.o(.ARM.Collect$$rtentry$$00000004) for .ARM.Collect$$rtentry$$00000004
    rt_div0.o(.text) refers to defsig_fpe_outer.o(.text) for __rt_SIGFPE
    sys_stackheap_outer.o(.text) refers to libspace.o(.text) for __user_perproc_libspace
    sys_stackheap_outer.o(.text) refers to startup.o(.text) for __user_initial_stackheap
    exit.o(.text) refers to rtexit.o(.ARM.Collect$$rtexit$$00000000) for __rt_exit
    defsig_fpe_outer.o(.text) refers to defsig_fpe_inner.o(.text) for __rt_SIGFPE_inner
    defsig_fpe_outer.o(.text) refers to defsig_exit.o(.text) for __sig_exit
    defsig_fpe_formal.o(.text) refers to rt_raise.o(.text) for __rt_raise
    libinit.o(.ARM.Collect$$libinit$$00000000) refers (Special) to libinit2.o(.ARM.Collect$$libinit$$0000002A) for __rt_lib_init_alloca_1
    libinit.o(.ARM.Collect$$libinit$$00000000) refers (Special) to libinit2.o(.ARM.Collect$$libinit$$00000028) for __rt_lib_init_argv_1
    libinit.o(.ARM.Collect$$libinit$$00000000) refers (Special) to libinit2.o(.ARM.Collect$$libinit$$00000017) for __rt_lib_init_atexit_1
    libinit.o(.ARM.Collect$$libinit$$00000000) refers (Special) to libinit2.o(.ARM.Collect$$libinit$$0000001D) for __rt_lib_init_clock_1
    libinit.o(.ARM.Collect$$libinit$$00000000) refers (Special) to libinit2.o(.ARM.Collect$$libinit$$0000002E) for __rt_lib_init_cpp_1
    libinit.o(.ARM.Collect$$libinit$$00000000) refers (Special) to libinit2.o(.ARM.Collect$$libinit$$0000002C) for __rt_lib_init_exceptions_1
    libinit.o(.ARM.Collect$$libinit$$00000000) refers (Special) to libinit2.o(.ARM.Collect$$libinit$$0000001B) for __rt_lib_init_fp_trap_1
    libinit.o(.ARM.Collect$$libinit$$00000000) refers (Special) to libinit2.o(.ARM.Collect$$libinit$$0000001F) for __rt_lib_init_getenv_1
    libinit.o(.ARM.Collect$$libinit$$00000000) refers (Special) to libinit2.o(.ARM.Collect$$libinit$$00000006) for __rt_lib_init_heap_1
    libinit.o(.ARM.Collect$$libinit$$00000000) refers (Special) to libinit2.o(.ARM.Collect$$libinit$$0000000D) for __rt_lib_init_lc_collate_1
    libinit.o(.ARM.Collect$$libinit$$00000000) refers (Special) to libinit2.o(.ARM.Collect$$libinit$$0000000F) for __rt_lib_init_lc_ctype_1
    libinit.o(.ARM.Collect$$libinit$$00000000) refers (Special) to libinit2.o(.ARM.Collect$$libinit$$00000011) for __rt_lib_init_lc_monetary_1
    libinit.o(.ARM.Collect$$libinit$$00000000) refers (Special) to libinit2.o(.ARM.Collect$$libinit$$00000013) for __rt_lib_init_lc_numeric_1
    libinit.o(.ARM.Collect$$libinit$$00000000) refers (Special) to libinit2.o(.ARM.Collect$$libinit$$00000015) for __rt_lib_init_lc_time_1
    libinit.o(.ARM.Collect$$libinit$$00000000) refers (Special) to libinit2.o(.ARM.Collect$$libinit$$0000000A) for __rt_lib_init_rand_1
    libinit.o(.ARM.Collect$$libinit$$00000000) refers (Special) to libinit2.o(.ARM.Collect$$libinit$$0000002F) for __rt_lib_init_return
    libinit.o(.ARM.Collect$$libinit$$00000000) refers (Special) to libinit2.o(.ARM.Collect$$libinit$$00000019) for __rt_lib_init_signal_1
    libinit.o(.ARM.Collect$$libinit$$00000000) refers (Special) to libinit2.o(.ARM.Collect$$libinit$$00000021) for __rt_lib_init_stdio_1
    libinit.o(.ARM.Collect$$libinit$$00000000) refers (Special) to libinit2.o(.ARM.Collect$$libinit$$00000008) for __rt_lib_init_user_alloc_1
    libinit.o(.ARM.Collect$$libinit$$00000000) refers to fpinit.o(x$fpl$fpinit) for _fp_init
    libspace.o(.text) refers to libspace.o(.bss) for __libspace_start
    rtexit.o(.ARM.Collect$$rtexit$$00000000) refers (Special) to rtexit2.o(.ARM.Collect$$rtexit$$00000004) for __rt_exit_exit
    rtexit.o(.ARM.Collect$$rtexit$$00000000) refers (Special) to rtexit2.o(.ARM.Collect$$rtexit$$00000003) for __rt_exit_ls
    rtexit.o(.ARM.Collect$$rtexit$$00000000) refers (Special) to rtexit2.o(.ARM.Collect$$rtexit$$00000002) for __rt_exit_prels_1
    rtexit.o(.ARM.exidx) refers (Special) to rtexit2.o(.ARM.Collect$$rtexit$$00000004) for __rt_exit_exit
    rtexit.o(.ARM.exidx) refers (Special) to rtexit2.o(.ARM.Collect$$rtexit$$00000003) for __rt_exit_ls
    rtexit.o(.ARM.exidx) refers (Special) to rtexit2.o(.ARM.Collect$$rtexit$$00000002) for __rt_exit_prels_1
    rtexit.o(.ARM.exidx) refers to rtexit.o(.ARM.Collect$$rtexit$$00000000) for .ARM.Collect$$rtexit$$00000000
    rt_raise.o(.text) refers to __raise.o(.text) for __raise
    rt_raise.o(.text) refers to sys_exit.o(.text) for _sys_exit
    defsig_exit.o(.text) refers to sys_exit.o(.text) for _sys_exit
    defsig_fpe_inner.o(.text) refers to defsig_general.o(.text) for __default_signal_display
    libinit2.o(.ARM.Collect$$libinit$$0000000C) refers to libinit2.o(.ARM.Collect$$libinit$$0000000B) for .ARM.Collect$$libinit$$0000000B
    libinit2.o(.ARM.Collect$$libinit$$0000000E) refers to libinit2.o(.ARM.Collect$$libinit$$0000000B) for .ARM.Collect$$libinit$$0000000B
    libinit2.o(.ARM.Collect$$libinit$$00000010) refers to libinit2.o(.ARM.Collect$$libinit$$0000000B) for .ARM.Collect$$libinit$$0000000B
    libinit2.o(.ARM.Collect$$libinit$$00000012) refers to libinit2.o(.ARM.Collect$$libinit$$0000000B) for .ARM.Collect$$libinit$$0000000B
    libinit2.o(.ARM.Collect$$libinit$$00000014) refers to libinit2.o(.ARM.Collect$$libinit$$0000000B) for .ARM.Collect$$libinit$$0000000B
    libinit2.o(.ARM.Collect$$libinit$$00000022) refers to argv_veneer.o(.emb_text) for __ARM_argv_veneer
    libinit2.o(.ARM.Collect$$libinit$$00000023) refers to argv_veneer.o(.emb_text) for __ARM_argv_veneer
    sys_exit.o(.text) refers to use_no_semi.o(.text) for __I$use$semihosting
    rtexit2.o(.ARM.Collect$$rtexit$$00000003) refers to libshutdown.o(.ARM.Collect$$libshutdown$$00000000) for __rt_lib_shutdown
    rtexit2.o(.ARM.Collect$$rtexit$$00000004) refers to sys_exit.o(.text) for _sys_exit
    rtexit2.o(.ARM.exidx) refers to rtexit2.o(.ARM.Collect$$rtexit$$00000001) for .ARM.Collect$$rtexit$$00000001
    rtexit2.o(.ARM.exidx) refers to rtexit2.o(.ARM.Collect$$rtexit$$00000002) for .ARM.Collect$$rtexit$$00000002
    rtexit2.o(.ARM.exidx) refers to rtexit2.o(.ARM.Collect$$rtexit$$00000003) for .ARM.Collect$$rtexit$$00000003
    rtexit2.o(.ARM.exidx) refers to rtexit2.o(.ARM.Collect$$rtexit$$00000004) for .ARM.Collect$$rtexit$$00000004
    __raise.o(.text) refers to defsig.o(CL$$defsig) for __default_signal_handler
    __raise.o(.text) refers to __raise.o(i.__ARM_common_call_via_r2) for __ARM_common_call_via_r2
    defsig_general.o(.text) refers to sys_wrch.o(.text) for _ttywrch
    argv_veneer.o(.emb_text) refers to no_argv.o(.text) for __ARM_get_argv
    sys_wrch.o(.text) refers (Special) to use_no_semi.o(.text) for __I$use$semihosting
    defsig.o(CL$$defsig) refers to defsig_fpe_inner.o(.text) for __rt_SIGFPE_inner
    defsig.o(CL$$defsig) refers to defsig_rtmem_inner.o(.text) for __rt_SIGRTMEM_inner
    _get_argv_nomalloc.o(.text) refers (Special) to hrguard.o(.text) for __heap_region$guard
    _get_argv_nomalloc.o(.text) refers to defsig_rtmem_outer.o(.text) for __rt_SIGRTMEM
    _get_argv_nomalloc.o(.text) refers to sys_command.o(.text) for _sys_command_string
    libshutdown.o(.ARM.Collect$$libshutdown$$00000000) refers (Special) to libshutdown2.o(.ARM.Collect$$libshutdown$$00000006) for __rt_lib_shutdown_fp_trap_1
    libshutdown.o(.ARM.Collect$$libshutdown$$00000000) refers (Special) to libshutdown2.o(.ARM.Collect$$libshutdown$$0000000E) for __rt_lib_shutdown_heap_1
    libshutdown.o(.ARM.Collect$$libshutdown$$00000000) refers (Special) to libshutdown2.o(.ARM.Collect$$libshutdown$$0000000F) for __rt_lib_shutdown_return
    libshutdown.o(.ARM.Collect$$libshutdown$$00000000) refers (Special) to libshutdown2.o(.ARM.Collect$$libshutdown$$00000009) for __rt_lib_shutdown_signal_1
    libshutdown.o(.ARM.Collect$$libshutdown$$00000000) refers (Special) to libshutdown2.o(.ARM.Collect$$libshutdown$$00000003) for __rt_lib_shutdown_stdio_1
    libshutdown.o(.ARM.Collect$$libshutdown$$00000000) refers (Special) to libshutdown2.o(.ARM.Collect$$libshutdown$$0000000B) for __rt_lib_shutdown_user_alloc_1
    sys_command.o(.text) refers (Special) to use_no_semi.o(.text) for __I$use$semihosting
    defsig_abrt_inner.o(.text) refers to defsig_general.o(.text) for __default_signal_display
    defsig_rtred_inner.o(.text) refers to defsig_general.o(.text) for __default_signal_display
    defsig_rtmem_inner.o(.text) refers to defsig_general.o(.text) for __default_signal_display
    defsig_rtmem_outer.o(.text) refers to defsig_rtmem_inner.o(.text) for __rt_SIGRTMEM_inner
    defsig_rtmem_outer.o(.text) refers to defsig_exit.o(.text) for __sig_exit
    defsig_rtmem_formal.o(.text) refers to rt_raise.o(.text) for __rt_raise
    defsig_stak_inner.o(.text) refers to defsig_general.o(.text) for __default_signal_display
    defsig_pvfn_inner.o(.text) refers to defsig_general.o(.text) for __default_signal_display
    defsig_cppl_inner.o(.text) refers to defsig_general.o(.text) for __default_signal_display
    defsig_segv_inner.o(.text) refers to defsig_general.o(.text) for __default_signal_display
    defsig_other.o(.text) refers to defsig_general.o(.text) for __default_signal_display


==============================================================================

Adding Veneers to the image

    Adding AT veneer (8 bytes, Inline) for call to '__rt_lib_init' from rtentry2.o(.ARM.Collect$$rtentry$$0000000A).
    Adding AT veneer (8 bytes, Inline) for call to '__rt_lib_shutdown' from rtexit2.o(.ARM.Collect$$rtexit$$00000003).
    Adding TA veneer (4 bytes, Inline) for call to '__rt_exit' from exit.o(.text).
    Adding TA veneer (4 bytes, Inline) for call to '_fp_init' from libinit.o(.ARM.Collect$$libinit$$00000000).

4 Veneer(s) (total 24 bytes) added to the image.

==============================================================================

Image Symbol Table

    Local Symbols

    Symbol Name                              Value     Ov Type        Size  Object(Section)

    RESET                                    0x00000000   Section      256  startup.o(RESET)
    ../../angel/boardlib.s                   0x00000000   Number         0  boardshut.o ABSOLUTE
    ../../angel/boardlib.s                   0x00000000   Number         0  boardinit1.o ABSOLUTE
    ../../angel/boardlib.s                   0x00000000   Number         0  boardinit2.o ABSOLUTE
    ../../angel/boardlib.s                   0x00000000   Number         0  boardinit3.o ABSOLUTE
    ../../angel/handlers.s                   0x00000000   Number         0  __scatter_copy.o ABSOLUTE
    ../../angel/handlers.s                   0x00000000   Number         0  __scatter_zi.o ABSOLUTE
    ../../angel/kernel.s                     0x00000000   Number         0  rtexit2.o ABSOLUTE
    ../../angel/kernel.s                     0x00000000   Number         0  rtentry2.o ABSOLUTE
    ../../angel/kernel.s                     0x00000000   Number         0  rtentry4.o ABSOLUTE
    ../../angel/kernel.s                     0x00000000   Number         0  rtexit.o ABSOLUTE
    ../../angel/kernel.s                     0x00000000   Number         0  rtentry.o ABSOLUTE
    ../../angel/rt.s                         0x00000000   Number         0  rt_div0.o ABSOLUTE
    ../../angel/rt.s                         0x00000000   Number         0  rt_raise.o ABSOLUTE
    ../../angel/rt.s                         0x00000000   Number         0  aeabi_idiv0.o ABSOLUTE
    ../../angel/rt.s                         0x00000000   Number         0  aeabi_idiv0_sigfpe.o ABSOLUTE
    ../../angel/scatter.s                    0x00000000   Number         0  __scatter.o ABSOLUTE
    ../../angel/startup.s                    0x00000000   Number         0  __main.o ABSOLUTE
    ../../angel/sys.s                        0x00000000   Number         0  sys_stackheap_outer.o ABSOLUTE
    ../../angel/sys.s                        0x00000000   Number         0  use_no_semi.o ABSOLUTE
    ../../angel/sys.s                        0x00000000   Number         0  libspace.o ABSOLUTE
    ../../angel/sys.s                        0x00000000   Number         0  sys_exit.o ABSOLUTE
    ../../angel/sysapp.c                     0x00000000   Number         0  sys_command.o ABSOLUTE
    ../../angel/sysapp.c                     0x00000000   Number         0  sys_wrch.o ABSOLUTE
    ../../armsys.c                           0x00000000   Number         0  _get_argv_nomalloc.o ABSOLUTE
    ../../armsys.c                           0x00000000   Number         0  no_argv.o ABSOLUTE
    ../../armsys.c                           0x00000000   Number         0  argv_veneer.o ABSOLUTE
    ../../armsys.c                           0x00000000   Number         0  argv_veneer.o ABSOLUTE
    ../../division.s                         0x00000000   Number         0  aeabi_sdiv.o ABSOLUTE
    ../../division.s                         0x00000000   Number         0  aeabi_sdiv_div0.o ABSOLUTE
    ../../divrt.s                            0x00000000   Number         0  divrt_7tdmi_div0.o ABSOLUTE
    ../../divrt.s                            0x00000000   Number         0  divrt_7tdmi.o ABSOLUTE
    ../../fpinit.s                           0x00000000   Number         0  fpinit.o ABSOLUTE
    ../../heapalloc.c                        0x00000000   Number         0  hrguard.o ABSOLUTE
    ../../heapaux.c                          0x00000000   Number         0  heapauxi.o ABSOLUTE
    ../../libinit.s                          0x00000000   Number         0  libshutdown.o ABSOLUTE
    ../../libinit.s                          0x00000000   Number         0  libinit2.o ABSOLUTE
    ../../libinit.s                          0x00000000   Number         0  libinit.o ABSOLUTE
    ../../libinit.s                          0x00000000   Number         0  libshutdown2.o ABSOLUTE
    ../../memcpset.s                         0x00000000   Number         0  rt_memcpy_w.o ABSOLUTE
    ../../memcpset.s                         0x00000000   Number         0  rt_memcpy.o ABSOLUTE
    ../../signal.c                           0x00000000   Number         0  defsig_fpe_outer.o ABSOLUTE
    ../../signal.c                           0x00000000   Number         0  defsig_fpe_formal.o ABSOLUTE
    ../../signal.c                           0x00000000   Number         0  defsig_rtmem_formal.o ABSOLUTE
    ../../signal.c                           0x00000000   Number         0  defsig_general.o ABSOLUTE
    ../../signal.c                           0x00000000   Number         0  __raise.o ABSOLUTE
    ../../signal.c                           0x00000000   Number         0  defsig_abrt_inner.o ABSOLUTE
    ../../signal.c                           0x00000000   Number         0  defsig_stak_inner.o ABSOLUTE
    ../../signal.c                           0x00000000   Number         0  defsig_rtred_inner.o ABSOLUTE
    ../../signal.c                           0x00000000   Number         0  defsig_pvfn_inner.o ABSOLUTE
    ../../signal.c                           0x00000000   Number         0  defsig_exit.o ABSOLUTE
    ../../signal.c                           0x00000000   Number         0  defsig_cppl_inner.o ABSOLUTE
    ../../signal.c                           0x00000000   Number         0  defsig_segv_inner.o ABSOLUTE
    ../../signal.c                           0x00000000   Number         0  defsig_other.o ABSOLUTE
    ../../signal.c                           0x00000000   Number         0  defsig_rtmem_inner.o ABSOLUTE
    ../../signal.c                           0x00000000   Number         0  defsig_rtmem_outer.o ABSOLUTE
    ../../signal.c                           0x00000000   Number         0  defsig_fpe_inner.o ABSOLUTE
    ../../signal.s                           0x00000000   Number         0  defsig.o ABSOLUTE
    ../../stdlib.c                           0x00000000   Number         0  exit.o ABSOLUTE
    C:\FreeRTOSv10.0.1\FreeRTOS\Source\list.c 0x00000000   Number         0  list.o ABSOLUTE
    C:\FreeRTOSv10.0.1\FreeRTOS\Source\portable\MemMang\heap_4.c 0x00000000   Number         0  heap_4.o ABSOLUTE
    C:\FreeRTOSv10.0.1\FreeRTOS\Source\portable\RVDS\ARM7_LPC21xx\port.c 0x00000000   Number         0  port.o ABSOLUTE
    C:\FreeRTOSv10.0.1\FreeRTOS\Source\portable\RVDS\ARM7_LPC21xx\portASM.s 0x00000000   Number         0  portasm.o ABSOLUTE
    C:\FreeRTOSv10.0.1\FreeRTOS\Source\queue.c 0x00000000   Number         0  queue.o ABSOLUTE
    C:\FreeRTOSv10.0.1\FreeRTOS\Source\tasks.c 0x00000000   Number         0  tasks.o ABSOLUTE
    Startup.s                                0x00000000   Number         0  startup.o ABSOLUTE
    dc.s                                     0x00000000   Number         0  dc.o ABSOLUTE
    message_queue.c                          0x00000000   Number         0  message_queue.o ABSOLUTE
    Undef_Handler                            0x00000040   ARM Code       4  startup.o(RESET)
    PAbt_Handler                             0x00000044   ARM Code       4  startup.o(RESET)
    DAbt_Handler                             0x00000048   ARM Code       4  startup.o(RESET)
    IRQ_Handler                              0x0000004c   ARM Code       4  startup.o(RESET)
    FIQ_Handler                              0x00000050   ARM Code       4  startup.o(RESET)
    !!!main                                  0x00000100   Section        8  __main.o(!!!main)
    !!!scatter                               0x00000108   Section       60  __scatter.o(!!!scatter)
    !!handler_copy                           0x00000144   Section       40  __scatter_copy.o(!!handler_copy)
    !!handler_zi                             0x0000016c   Section       44  __scatter_zi.o(!!handler_zi)
    .ARM.Collect$$libinit$$00000000          0x000001a0   Section        6  libinit.o(.ARM.Collect$$libinit$$00000000)
    .ARM.Collect$$libinit$$00000006          0x000001a6   Section        0  libinit2.o(.ARM.Collect$$libinit$$00000006)
    .ARM.Collect$$libinit$$00000008          0x000001a6   Section        0  libinit2.o(.ARM.Collect$$libinit$$00000008)
    .ARM.Collect$$libinit$$0000000A          0x000001a6   Section        0  libinit2.o(.ARM.Collect$$libinit$$0000000A)
    .ARM.Collect$$libinit$$0000000D          0x000001a6   Section        0  libinit2.o(.ARM.Collect$$libinit$$0000000D)
    .ARM.Collect$$libinit$$0000000F          0x000001a6   Section        0  libinit2.o(.ARM.Collect$$libinit$$0000000F)
    .ARM.Collect$$libinit$$00000011          0x000001a6   Section        0  libinit2.o(.ARM.Collect$$libinit$$00000011)
    .ARM.Collect$$libinit$$00000013          0x000001a6   Section        0  libinit2.o(.ARM.Collect$$libinit$$00000013)
    .ARM.Collect$$libinit$$00000015          0x000001a6   Section        0  libinit2.o(.ARM.Collect$$libinit$$00000015)
    .ARM.Collect$$libinit$$00000017          0x000001a6   Section        0  libinit2.o(.ARM.Collect$$libinit$$00000017)
    .ARM.Collect$$libinit$$00000019          0x000001a6   Section        0  libinit2.o(.ARM.Collect$$libinit$$00000019)
    .ARM.Collect$$libinit$$0000001B          0x000001a6   Section        0  libinit2.o(.ARM.Collect$$libinit$$0000001B)
    .ARM.Collect$$libinit$$0000001D          0x000001a6   Section        0  libinit2.o(.ARM.Collect$$libinit$$0000001D)
    .ARM.Collect$$libinit$$0000001F          0x000001a6   Section        0  libinit2.o(.ARM.Collect$$libinit$$0000001F)
    .ARM.Collect$$libinit$$00000021          0x000001a6   Section        0  libinit2.o(.ARM.Collect$$libinit$$00000021)
    .ARM.Collect$$libinit$$00000028          0x000001a6   Section        0  libinit2.o(.ARM.Collect$$libinit$$00000028)
    .ARM.Collect$$libinit$$0000002A          0x000001a6   Section        0  libinit2.o(.ARM.Collect$$libinit$$0000002A)
    .ARM.Collect$$libinit$$0000002C          0x000001a6   Section        0  libinit2.o(.ARM.Collect$$libinit$$0000002C)
    .ARM.Collect$$libinit$$0000002E          0x000001a6   Section        0  libinit2.o(.ARM.Collect$$libinit$$0000002E)
    .ARM.Collect$$libinit$$0000002F          0x000001a6   Section       12  libinit2.o(.ARM.Collect$$libinit$$0000002F)
    .ARM.Collect$$libshutdown$$00000000      0x000001bc   Section        4  libshutdown.o(.ARM.Collect$$libshutdown$$00000000)
    .ARM.Collect$$libshutdown$$00000003      0x000001c0   Section        0  libshutdown2.o(.ARM.Collect$$libshutdown$$00000003)
    .ARM.Collect$$libshutdown$$00000006      0x000001c0   Section        0  libshutdown2.o(.ARM.Collect$$libshutdown$$00000006)
    .ARM.Collect$$libshutdown$$00000009      0x000001c0   Section        0  libshutdown2.o(.ARM.Collect$$libshutdown$$00000009)
    .ARM.Collect$$libshutdown$$0000000B      0x000001c0   Section        0  libshutdown2.o(.ARM.Collect$$libshutdown$$0000000B)
    .ARM.Collect$$libshutdown$$0000000E      0x000001c0   Section        0  libshutdown2.o(.ARM.Collect$$libshutdown$$0000000E)
    .ARM.Collect$$libshutdown$$0000000F      0x000001c0   Section        6  libshutdown2.o(.ARM.Collect$$libshutdown$$0000000F)
    .ARM.Collect$$rtentry$$00000000          0x000001c8   Section        0  rtentry.o(.ARM.Collect$$rtentry$$00000000)
    .ARM.Collect$$rtentry$$00000002          0x000001c8   Section        0  rtentry2.o(.ARM.Collect$$rtentry$$00000002)
    .ARM.Collect$$rtentry$$00000004          0x000001c8   Section        8  rtentry4.o(.ARM.Collect$$rtentry$$00000004)
    .ARM.Collect$$rtentry$$00000009          0x000001d0   Section        0  rtentry2.o(.ARM.Collect$$rtentry$$00000009)
    .ARM.Collect$$rtentry$$0000000A          0x000001d0   Section        4  rtentry2.o(.ARM.Collect$$rtentry$$0000000A)
    .ARM.Collect$$rtentry$$0000000C          0x000001d4   Section        0  rtentry2.o(.ARM.Collect$$rtentry$$0000000C)
    .ARM.Collect$$rtentry$$0000000D          0x000001d4   Section       40  rtentry2.o(.ARM.Collect$$rtentry$$0000000D)
    .ARM.Collect$$rtexit$$00000000           0x00000200   Section        0  rtexit.o(.ARM.Collect$$rtexit$$00000000)
    .ARM.Collect$$rtexit$$00000002           0x00000200   Section        0  rtexit2.o(.ARM.Collect$$rtexit$$00000002)
    .ARM.Collect$$rtexit$$00000003           0x00000200   Section        4  rtexit2.o(.ARM.Collect$$rtexit$$00000003)
    .ARM.Collect$$rtexit$$00000004           0x00000204   Section        4  rtexit2.o(.ARM.Collect$$rtexit$$00000004)
    .text                                    0x00000208   Section       32  startup.o(.text)
    .text                                    0x00000228   Section     1224  message_queue.o(.text)
    vRcvTask                                 0x00000410   ARM Code     136  message_queue.o(.text)
    vSenderTask2                             0x00000498   ARM Code     132  message_queue.o(.text)
    vSenderTask1                             0x0000051c   ARM Code     156  message_queue.o(.text)
    .text                                    0x000006f0   Section      272  list.o(.text)
    .text                                    0x00000800   Section     3776  queue.o(.text)
    prvInitialiseNewQueue                    0x000008d4   ARM Code      72  queue.o(.text)
    prvUnlockQueue                           0x0000097c   ARM Code     232  queue.o(.text)
    prvIsQueueFull                           0x00000a64   ARM Code      56  queue.o(.text)
    prvCopyDataToQueue                       0x00000a9c   ARM Code     244  queue.o(.text)
    prvInitialiseMutex                       0x00000d0c   ARM Code      60  queue.o(.text)
    prvGetDisinheritPriorityAfterTimeout     0x00000de4   ARM Code      40  queue.o(.text)
    prvIsQueueEmpty                          0x00000e0c   ARM Code      52  queue.o(.text)
    prvCopyDataFromQueue                     0x000011d0   ARM Code      88  queue.o(.text)
    .text                                    0x000016c0   Section     6936  tasks.o(.text)
    prvInitialiseTaskLists                   0x000016c0   ARM Code     112  tasks.o(.text)
    prvAddNewTaskToReadyList                 0x00001730   ARM Code     260  tasks.o(.text)
    prvInitialiseNewTask                     0x00001834   ARM Code     240  tasks.o(.text)
    prvResetNextTaskUnblockTime              0x000019d0   ARM Code      88  tasks.o(.text)
    prvDeleteTCB                             0x00001a28   ARM Code      32  tasks.o(.text)
    prvAddCurrentTaskToDelayedList           0x00001e14   ARM Code     184  tasks.o(.text)
    prvTaskIsTaskSuspended                   0x00002304   ARM Code     128  tasks.o(.text)
    prvCheckTasksWaitingTermination          0x0000251c   ARM Code     108  tasks.o(.text)
    prvIdleTask                              0x00002588   ARM Code      36  tasks.o(.text)
    .text                                    0x000031d8   Section      896  heap_4.o(.text)
    prvInsertBlockIntoFreeList               0x000031d8   ARM Code     192  heap_4.o(.text)
    prvHeapInit                              0x00003298   ARM Code     180  heap_4.o(.text)
    .text                                    0x00003558   Section      508  port.o(.text)
    prvSetupTimerInterrupt                   0x00003648   ARM Code     100  port.o(.text)
    .text                                    0x00003754   Section      212  rt_memcpy.o(.text)
    .text                                    0x00003828   Section      384  aeabi_sdiv.o(.text)
    __arm_div8                               0x00003854   ARM Code       0  aeabi_sdiv.o(.text)
    __arm_div4                               0x00003884   ARM Code       0  aeabi_sdiv.o(.text)
    __arm_div_large                          0x000038d8   ARM Code       0  aeabi_sdiv.o(.text)
    .text                                    0x000039a8   Section        6  heapauxi.o(.text)
    .text                                    0x000039b0   Section      100  rt_memcpy_w.o(.text)
    .text                                    0x00003a14   Section       96  sys_stackheap_outer.o(.text)
    .text                                    0x00003a74   Section       12  exit.o(.text)
    .text                                    0x00003a80   Section       12  libspace.o(.text)
    .text                                    0x00003a8c   Section       24  sys_exit.o(.text)
    .text                                    0x00003aa4   Section        4  use_no_semi.o(.text)
    PORT_ASM                                 0x00003aa8   Section      396  portasm.o(PORT_ASM)
    x$fpl$fpinit                             0x00003c38   Section        4  fpinit.o(x$fpl$fpinit)
    .constdata                               0x00003c3c   Section       10  message_queue.o(.constdata)
    .data                                    0x40000000   Section       16  message_queue.o(.data)
    .data                                    0x40000010   Section       60  tasks.o(.data)
    uxDeletedTasksWaitingCleanUp             0x40000014   Data           4  tasks.o(.data)
    uxCurrentNumberOfTasks                   0x40000018   Data           4  tasks.o(.data)
    xTickCount                               0x4000001c   Data           4  tasks.o(.data)
    uxTopReadyPriority                       0x40000020   Data           4  tasks.o(.data)
    xSchedulerRunning                        0x40000024   Data           4  tasks.o(.data)
    uxPendedTicks                            0x40000028   Data           4  tasks.o(.data)
    xYieldPending                            0x4000002c   Data           4  tasks.o(.data)
    xNumOfOverflows                          0x40000030   Data           4  tasks.o(.data)
    uxTaskNumber                             0x40000034   Data           4  tasks.o(.data)
    xNextTaskUnblockTime                     0x40000038   Data           4  tasks.o(.data)
    xIdleTaskHandle                          0x4000003c   Data           4  tasks.o(.data)
    uxSchedulerSuspended                     0x40000040   Data           4  tasks.o(.data)
    pxDelayedTaskList                        0x40000044   Data           4  tasks.o(.data)
    pxOverflowDelayedTaskList                0x40000048   Data           4  tasks.o(.data)
    .data                                    0x4000004c   Section       24  heap_4.o(.data)
    pxEnd                                    0x4000004c   Data           4  heap_4.o(.data)
    xFreeBytesRemaining                      0x40000050   Data           4  heap_4.o(.data)
    xMinimumEverFreeBytesRemaining           0x40000054   Data           4  heap_4.o(.data)
    xBlockAllocatedBit                       0x40000058   Data           4  heap_4.o(.data)
    xStart                                   0x4000005c   Data           8  heap_4.o(.data)
    .data                                    0x40000064   Section        4  port.o(.data)
    .bss                                     0x40000068   Section      180  tasks.o(.bss)
    pxReadyTasksLists                        0x40000068   Data          80  tasks.o(.bss)
    xDelayedTaskList1                        0x400000b8   Data          20  tasks.o(.bss)
    xDelayedTaskList2                        0x400000cc   Data          20  tasks.o(.bss)
    xPendingReadyList                        0x400000e0   Data          20  tasks.o(.bss)
    xTasksWaitingTermination                 0x400000f4   Data          20  tasks.o(.bss)
    xSuspendedTaskList                       0x40000108   Data          20  tasks.o(.bss)
    .bss                                     0x4000011c   Section    13312  heap_4.o(.bss)
    ucHeap                                   0x4000011c   Data       13312  heap_4.o(.bss)
    .bss                                     0x4000351c   Section       96  libspace.o(.bss)
    HEAP                                     0x40003580   Section        0  startup.o(HEAP)
    STACK                                    0x40003580   Section     1160  startup.o(STACK)
    Heap_Mem                                 0x40003580   Data           0  startup.o(HEAP)
    Stack_Mem                                0x40003580   Data        1024  startup.o(STACK)
    Stack_Top                                0x40003a08   Data           0  startup.o(STACK)

    Global Symbols

    Symbol Name                              Value     Ov Type        Size  Object(Section)

    BuildAttributes$$THM_ISAv1$ARM_ISAv4$S$PE$A:L22$X:L11$S22$IEEE1$IW$USESV6$~STKCKD$USESV7$~SHL$OSPACE$ROPI$EBA8$UX$STANDARDLIB$REQ8$PRES8$EABIv2 0x00000000   Number         0  anon$$obj.o ABSOLUTE
    __ARM_use_no_argv                        0x00000000   Number         0  message_queue.o ABSOLUTE
    __ARM_exceptions_init                     - Undefined Weak Reference
    __alloca_initialize                       - Undefined Weak Reference
    __cpp_initialize__aeabi_                  - Undefined Weak Reference
    __cxa_finalize                            - Undefined Weak Reference
    __rt_locale                               - Undefined Weak Reference
    __sigvec_lookup                           - Undefined Weak Reference
    _atexit_init                              - Undefined Weak Reference
    _call_atexit_fns                          - Undefined Weak Reference
    _clock_init                               - Undefined Weak Reference
    _fp_trap_init                             - Undefined Weak Reference
    _fp_trap_shutdown                         - Undefined Weak Reference
    _get_lc_collate                           - Undefined Weak Reference
    _get_lc_ctype                             - Undefined Weak Reference
    _get_lc_monetary                          - Undefined Weak Reference
    _get_lc_numeric                           - Undefined Weak Reference
    _get_lc_time                              - Undefined Weak Reference
    _getenv_init                              - Undefined Weak Reference
    _handle_redirection                       - Undefined Weak Reference
    _init_alloc                               - Undefined Weak Reference
    _init_user_alloc                          - Undefined Weak Reference
    _initio                                   - Undefined Weak Reference
    _rand_init                                - Undefined Weak Reference
    _signal_finish                            - Undefined Weak Reference
    _signal_init                              - Undefined Weak Reference
    _terminate_alloc                          - Undefined Weak Reference
    _terminate_user_alloc                     - Undefined Weak Reference
    _terminateio                              - Undefined Weak Reference
    Reset_Handler                            0x00000054   ARM Code       0  startup.o(RESET)
    __main                                   0x00000100   ARM Code       8  __main.o(!!!main)
    __scatterload                            0x00000108   ARM Code       0  __scatter.o(!!!scatter)
    __scatterload_rt2                        0x00000108   ARM Code      52  __scatter.o(!!!scatter)
    __scatterload_null                       0x0000011c   ARM Code       0  __scatter.o(!!!scatter)
    __scatterload_copy                       0x00000144   ARM Code      40  __scatter_copy.o(!!handler_copy)
    __scatterload_zeroinit                   0x0000016c   ARM Code      44  __scatter_zi.o(!!handler_zi)
    Inline ARM to Thumb Veneer to __rt_lib_init 0x00000198   ARM Code       8  libinit.o(.ARM.Collect$$libinit$$00000000)
    __rt_lib_init                            0x000001a1   Thumb Code     0  libinit.o(.ARM.Collect$$libinit$$00000000)
    __rt_lib_init_alloca_1                   0x000001a7   Thumb Code     0  libinit2.o(.ARM.Collect$$libinit$$0000002A)
    __rt_lib_init_argv_1                     0x000001a7   Thumb Code     0  libinit2.o(.ARM.Collect$$libinit$$00000028)
    __rt_lib_init_atexit_1                   0x000001a7   Thumb Code     0  libinit2.o(.ARM.Collect$$libinit$$00000017)
    __rt_lib_init_clock_1                    0x000001a7   Thumb Code     0  libinit2.o(.ARM.Collect$$libinit$$0000001D)
    __rt_lib_init_cpp_1                      0x000001a7   Thumb Code     0  libinit2.o(.ARM.Collect$$libinit$$0000002E)
    __rt_lib_init_exceptions_1               0x000001a7   Thumb Code     0  libinit2.o(.ARM.Collect$$libinit$$0000002C)
    __rt_lib_init_fp_trap_1                  0x000001a7   Thumb Code     0  libinit2.o(.ARM.Collect$$libinit$$0000001B)
    __rt_lib_init_getenv_1                   0x000001a7   Thumb Code     0  libinit2.o(.ARM.Collect$$libinit$$0000001F)
    __rt_lib_init_heap_1                     0x000001a7   Thumb Code     0  libinit2.o(.ARM.Collect$$libinit$$00000006)
    __rt_lib_init_lc_collate_1               0x000001a7   Thumb Code     0  libinit2.o(.ARM.Collect$$libinit$$0000000D)
    __rt_lib_init_lc_ctype_1                 0x000001a7   Thumb Code     0  libinit2.o(.ARM.Collect$$libinit$$0000000F)
    __rt_lib_init_lc_monetary_1              0x000001a7   Thumb Code     0  libinit2.o(.ARM.Collect$$libinit$$00000011)
    __rt_lib_init_lc_numeric_1               0x000001a7   Thumb Code     0  libinit2.o(.ARM.Collect$$libinit$$00000013)
    __rt_lib_init_lc_time_1                  0x000001a7   Thumb Code     0  libinit2.o(.ARM.Collect$$libinit$$00000015)
    __rt_lib_init_rand_1                     0x000001a7   Thumb Code     0  libinit2.o(.ARM.Collect$$libinit$$0000000A)
    __rt_lib_init_return                     0x000001a7   Thumb Code     0  libinit2.o(.ARM.Collect$$libinit$$0000002F)
    __rt_lib_init_signal_1                   0x000001a7   Thumb Code     0  libinit2.o(.ARM.Collect$$libinit$$00000019)
    __rt_lib_init_stdio_1                    0x000001a7   Thumb Code     0  libinit2.o(.ARM.Collect$$libinit$$00000021)
    __rt_lib_init_user_alloc_1               0x000001a7   Thumb Code     0  libinit2.o(.ARM.Collect$$libinit$$00000008)
    Inline ARM to Thumb Veneer to __rt_lib_shutdown 0x000001b4   ARM Code       8  libshutdown.o(.ARM.Collect$$libshutdown$$00000000)
    __rt_lib_shutdown                        0x000001bd   Thumb Code     0  libshutdown.o(.ARM.Collect$$libshutdown$$00000000)
    __rt_lib_shutdown_fp_trap_1              0x000001c1   Thumb Code     0  libshutdown2.o(.ARM.Collect$$libshutdown$$00000006)
    __rt_lib_shutdown_heap_1                 0x000001c1   Thumb Code     0  libshutdown2.o(.ARM.Collect$$libshutdown$$0000000E)
    __rt_lib_shutdown_return                 0x000001c1   Thumb Code     0  libshutdown2.o(.ARM.Collect$$libshutdown$$0000000F)
    __rt_lib_shutdown_signal_1               0x000001c1   Thumb Code     0  libshutdown2.o(.ARM.Collect$$libshutdown$$00000009)
    __rt_lib_shutdown_stdio_1                0x000001c1   Thumb Code     0  libshutdown2.o(.ARM.Collect$$libshutdown$$00000003)
    __rt_lib_shutdown_user_alloc_1           0x000001c1   Thumb Code     0  libshutdown2.o(.ARM.Collect$$libshutdown$$0000000B)
    __rt_entry                               0x000001c8   ARM Code       0  rtentry.o(.ARM.Collect$$rtentry$$00000000)
    __rt_entry_presh_1                       0x000001c8   ARM Code       0  rtentry2.o(.ARM.Collect$$rtentry$$00000002)
    __rt_entry_sh                            0x000001c8   ARM Code       0  rtentry4.o(.ARM.Collect$$rtentry$$00000004)
    __rt_entry_li                            0x000001d0   ARM Code       0  rtentry2.o(.ARM.Collect$$rtentry$$0000000A)
    __rt_entry_postsh_1                      0x000001d0   ARM Code       0  rtentry2.o(.ARM.Collect$$rtentry$$00000009)
    __rt_entry_main                          0x000001d4   ARM Code       0  rtentry2.o(.ARM.Collect$$rtentry$$0000000D)
    __rt_entry_postli_1                      0x000001d4   ARM Code       0  rtentry2.o(.ARM.Collect$$rtentry$$0000000C)
    Inline Thumb to ARM Veneer to __rt_exit  0x000001fd   Thumb Code     4  rtexit.o(.ARM.Collect$$rtexit$$00000000)
    __rt_exit                                0x00000200   ARM Code       0  rtexit.o(.ARM.Collect$$rtexit$$00000000)
    __rt_exit_ls                             0x00000200   ARM Code       0  rtexit2.o(.ARM.Collect$$rtexit$$00000003)
    __rt_exit_prels_1                        0x00000200   ARM Code       0  rtexit2.o(.ARM.Collect$$rtexit$$00000002)
    __rt_exit_exit                           0x00000204   ARM Code       0  rtexit2.o(.ARM.Collect$$rtexit$$00000004)
    __user_initial_stackheap                 0x00000208   ARM Code       0  startup.o(.text)
    delay                                    0x00000228   ARM Code      48  message_queue.o(.text)
    command                                  0x00000258   ARM Code      80  message_queue.o(.text)
    data                                     0x000002a8   ARM Code      80  message_queue.o(.text)
    data1                                    0x000002f8   ARM Code     104  message_queue.o(.text)
    lcd                                      0x00000360   ARM Code      56  message_queue.o(.text)
    lcd_string                               0x00000398   ARM Code      48  message_queue.o(.text)
    display                                  0x000003c8   ARM Code      72  message_queue.o(.text)
    setupHardware                            0x000005b8   ARM Code      64  message_queue.o(.text)
    main                                     0x000005f8   ARM Code     248  message_queue.o(.text)
    vListInitialise                          0x000006f0   ARM Code      44  list.o(.text)
    vListInitialiseItem                      0x0000071c   ARM Code      12  list.o(.text)
    vListInsertEnd                           0x00000728   ARM Code      48  list.o(.text)
    vListInsert                              0x00000758   ARM Code      92  list.o(.text)
    uxListRemove                             0x000007b4   ARM Code      76  list.o(.text)
    xQueueGenericReset                       0x00000800   ARM Code     212  queue.o(.text)
    xQueueGenericCreate                      0x0000091c   ARM Code      96  queue.o(.text)
    xQueueGenericSend                        0x00000b90   ARM Code     380  queue.o(.text)
    xQueueCreateMutex                        0x00000d48   ARM Code      56  queue.o(.text)
    xQueueGiveMutexRecursive                 0x00000d80   ARM Code     100  queue.o(.text)
    xQueueSemaphoreTake                      0x00000e40   ARM Code     444  queue.o(.text)
    xQueueTakeMutexRecursive                 0x00000ffc   ARM Code     104  queue.o(.text)
    xQueueGenericSendFromISR                 0x00001064   ARM Code     192  queue.o(.text)
    xQueueGiveFromISR                        0x00001124   ARM Code     172  queue.o(.text)
    xQueueReceive                            0x00001228   ARM Code     364  queue.o(.text)
    xQueuePeek                               0x00001394   ARM Code     364  queue.o(.text)
    xQueueReceiveFromISR                     0x00001500   ARM Code     180  queue.o(.text)
    xQueuePeekFromISR                        0x000015b4   ARM Code      80  queue.o(.text)
    uxQueueMessagesWaiting                   0x00001604   ARM Code      32  queue.o(.text)
    uxQueueSpacesAvailable                   0x00001624   ARM Code      48  queue.o(.text)
    uxQueueMessagesWaitingFromISR            0x00001654   ARM Code      12  queue.o(.text)
    vQueueDelete                             0x00001660   ARM Code      28  queue.o(.text)
    xQueueIsQueueEmptyFromISR                0x0000167c   ARM Code      32  queue.o(.text)
    xQueueIsQueueFullFromISR                 0x0000169c   ARM Code      36  queue.o(.text)
    xTaskCreate                              0x00001924   ARM Code     172  tasks.o(.text)
    vTaskDelete                              0x00001a48   ARM Code     220  tasks.o(.text)
    xTaskIncrementTick                       0x00001b24   ARM Code     404  tasks.o(.text)
    xTaskResumeAll                           0x00001cb8   ARM Code     348  tasks.o(.text)
    vTaskSuspendAll                          0x00001ecc   ARM Code      24  tasks.o(.text)
    vTaskDelayUntil                          0x00001ee4   ARM Code     152  tasks.o(.text)
    vTaskDelay                               0x00001f7c   ARM Code      64  tasks.o(.text)
    uxTaskPriorityGet                        0x00001fbc   ARM Code      60  tasks.o(.text)
    uxTaskPriorityGetFromISR                 0x00001ff8   ARM Code      44  tasks.o(.text)
    vTaskPrioritySet                         0x00002024   ARM Code     328  tasks.o(.text)
    vTaskSwitchContext                       0x0000216c   ARM Code     184  tasks.o(.text)
    vTaskSuspend                             0x00002224   ARM Code     224  tasks.o(.text)
    vTaskResume                              0x00002384   ARM Code     160  tasks.o(.text)
    xTaskResumeFromISR                       0x00002424   ARM Code     248  tasks.o(.text)
    vTaskStartScheduler                      0x000025ac   ARM Code     108  tasks.o(.text)
    vTaskEndScheduler                        0x00002618   ARM Code      40  tasks.o(.text)
    xTaskGetTickCount                        0x00002640   ARM Code      32  tasks.o(.text)
    xTaskGetTickCountFromISR                 0x00002660   ARM Code      16  tasks.o(.text)
    uxTaskGetNumberOfTasks                   0x00002670   ARM Code      12  tasks.o(.text)
    pcTaskGetName                            0x0000267c   ARM Code      40  tasks.o(.text)
    vTaskPlaceOnEventList                    0x000026a4   ARM Code      52  tasks.o(.text)
    vTaskPlaceOnUnorderedEventList           0x000026d8   ARM Code      72  tasks.o(.text)
    xTaskRemoveFromEventList                 0x00002720   ARM Code     196  tasks.o(.text)
    vTaskRemoveFromUnorderedEventList        0x000027e4   ARM Code     140  tasks.o(.text)
    vTaskSetTimeOutState                     0x00002870   ARM Code      48  tasks.o(.text)
    vTaskInternalSetTimeOutState             0x000028a0   ARM Code      28  tasks.o(.text)
    xTaskCheckForTimeOut                     0x000028bc   ARM Code     160  tasks.o(.text)
    vTaskMissedYield                         0x0000295c   ARM Code      16  tasks.o(.text)
    xTaskGetCurrentTaskHandle                0x0000296c   ARM Code      12  tasks.o(.text)
    xTaskPriorityInherit                     0x00002978   ARM Code     276  tasks.o(.text)
    xTaskPriorityDisinherit                  0x00002a8c   ARM Code     164  tasks.o(.text)
    vTaskPriorityDisinheritAfterTimeout      0x00002b30   ARM Code     220  tasks.o(.text)
    uxTaskResetEventItemValue                0x00002c0c   ARM Code      44  tasks.o(.text)
    pvTaskIncrementMutexHeldCount            0x00002c38   ARM Code      52  tasks.o(.text)
    ulTaskNotifyTake                         0x00002c6c   ARM Code     180  tasks.o(.text)
    xTaskNotifyWait                          0x00002d20   ARM Code     228  tasks.o(.text)
    xTaskGenericNotify                       0x00002e04   ARM Code     300  tasks.o(.text)
    xTaskGenericNotifyFromISR                0x00002f30   ARM Code     364  tasks.o(.text)
    vTaskNotifyGiveFromISR                   0x0000309c   ARM Code     224  tasks.o(.text)
    xTaskNotifyStateClear                    0x0000317c   ARM Code      88  tasks.o(.text)
    pvPortMalloc                             0x0000334c   ARM Code     340  heap_4.o(.text)
    vPortFree                                0x000034a0   ARM Code     132  heap_4.o(.text)
    xPortGetFreeHeapSize                     0x00003524   ARM Code      12  heap_4.o(.text)
    xPortGetMinimumEverFreeHeapSize          0x00003530   ARM Code      12  heap_4.o(.text)
    vPortInitialiseBlocks                    0x0000353c   ARM Code       4  heap_4.o(.text)
    pxPortInitialiseStack                    0x00003558   ARM Code     240  port.o(.text)
    xPortStartScheduler                      0x000036ac   ARM Code      24  port.o(.text)
    vPortEndScheduler                        0x000036c4   ARM Code       4  port.o(.text)
    vPortEnterCritical                       0x000036c8   ARM Code      36  port.o(.text)
    vPortExitCritical                        0x000036ec   ARM Code      68  port.o(.text)
    __aeabi_memcpy                           0x00003754   ARM Code       0  rt_memcpy.o(.text)
    __rt_memcpy                              0x00003754   ARM Code     212  rt_memcpy.o(.text)
    _memcpy_lastbytes                        0x00003808   ARM Code       0  rt_memcpy.o(.text)
    __aeabi_idiv                             0x00003828   ARM Code       0  aeabi_sdiv.o(.text)
    __aeabi_idivmod                          0x00003828   ARM Code     384  aeabi_sdiv.o(.text)
    __use_two_region_memory                  0x000039a9   Thumb Code     2  heapauxi.o(.text)
    __rt_heap_escrow$2region                 0x000039ab   Thumb Code     2  heapauxi.o(.text)
    __rt_heap_expand$2region                 0x000039ad   Thumb Code     2  heapauxi.o(.text)
    __aeabi_memcpy4                          0x000039b0   ARM Code       0  rt_memcpy_w.o(.text)
    __aeabi_memcpy8                          0x000039b0   ARM Code       0  rt_memcpy_w.o(.text)
    __rt_memcpy_w                            0x000039b0   ARM Code     100  rt_memcpy_w.o(.text)
    _memcpy_lastbytes_aligned                0x000039fc   ARM Code       0  rt_memcpy_w.o(.text)
    __user_setup_stackheap                   0x00003a14   ARM Code      96  sys_stackheap_outer.o(.text)
    exit                                     0x00003a75   Thumb Code    12  exit.o(.text)
    __user_libspace                          0x00003a80   ARM Code      12  libspace.o(.text)
    __user_perproc_libspace                  0x00003a80   ARM Code       0  libspace.o(.text)
    __user_perthread_libspace                0x00003a80   ARM Code       0  libspace.o(.text)
    _sys_exit                                0x00003a8c   ARM Code      20  sys_exit.o(.text)
    __I$use$semihosting                      0x00003aa4   ARM Code       0  use_no_semi.o(.text)
    __use_no_semihosting_swi                 0x00003aa4   ARM Code       4  use_no_semi.o(.text)
    vPortStartFirstTask                      0x00003aa8   ARM Code       0  portasm.o(PORT_ASM)
    vPortYield                               0x00003ad8   ARM Code       0  portasm.o(PORT_ASM)
    vPortYieldProcessor                      0x00003ae0   ARM Code       0  portasm.o(PORT_ASM)
    vPreemptiveTick                          0x00003b6c   ARM Code       0  portasm.o(PORT_ASM)
    Inline Thumb to ARM Veneer to _fp_init   0x00003c35   Thumb Code     4  fpinit.o(x$fpl$fpinit)
    __fplib_config_pureend_doubles           0x00003c38   ARM Code       0  fpinit.o(x$fpl$fpinit)
    _fp_init                                 0x00003c38   ARM Code       4  fpinit.o(x$fpl$fpinit)
    Region$$Table$$Base                      0x00003c48   Number         0  anon$$obj.o(Region$$Table)
    Region$$Table$$Limit                     0x00003c68   Number         0  anon$$obj.o(Region$$Table)
    pS1Task                                  0x40000000   Data           4  message_queue.o(.data)
    pS2Task                                  0x40000004   Data           4  message_queue.o(.data)
    pRTask                                   0x40000008   Data           4  message_queue.o(.data)
    xQueue                                   0x4000000c   Data           4  message_queue.o(.data)
    pxCurrentTCB                             0x40000010   Data           4  tasks.o(.data)
    ulCriticalNesting                        0x40000064   Data           4  port.o(.data)
    __libspace_start                         0x4000351c   Data          96  libspace.o(.bss)
    __temporary_stack_top$libspace           0x4000357c   Data           0  libspace.o(.bss)



==============================================================================

Memory Map of the image

  Image Entry point : 0x00000100

  Load Region LR_IROM1 (Base: 0x00000000, Size: 0x00003cd0, Max: 0x00040000, ABSOLUTE)

    Execution Region ER_IROM1 (Base: 0x00000000, Size: 0x00003c68, Max: 0x00040000, ABSOLUTE)

    Base Addr    Size         Type   Attr      Idx    E Section Name        Object

    0x00000000   0x00000100   Code   RO            3    RESET               startup.o
    0x00000100   0x00000008   Code   RO          186  * !!!main             __main.o(c_t.l)
    0x00000108   0x0000003c   Code   RO          357    !!!scatter          __scatter.o(c_t.l)
    0x00000144   0x00000028   Code   RO          359    !!handler_copy      __scatter_copy.o(c_t.l)
    0x0000016c   0x0000002c   Code   RO          361    !!handler_zi        __scatter_zi.o(c_t.l)
    0x00000198   0x00000008   Ven    RO          230    .ARM.Collect$$libinit$$00000000  libinit.o(c_t.l)
    0x000001a0   0x00000006   Code   RO          230    .ARM.Collect$$libinit$$00000000  libinit.o(c_t.l)
    0x000001a6   0x00000000   Code   RO          244    .ARM.Collect$$libinit$$00000006  libinit2.o(c_t.l)
    0x000001a6   0x00000000   Code   RO          246    .ARM.Collect$$libinit$$00000008  libinit2.o(c_t.l)
    0x000001a6   0x00000000   Code   RO          248    .ARM.Collect$$libinit$$0000000A  libinit2.o(c_t.l)
    0x000001a6   0x00000000   Code   RO          251    .ARM.Collect$$libinit$$0000000D  libinit2.o(c_t.l)
    0x000001a6   0x00000000   Code   RO          253    .ARM.Collect$$libinit$$0000000F  libinit2.o(c_t.l)
    0x000001a6   0x00000000   Code   RO          255    .ARM.Collect$$libinit$$00000011  libinit2.o(c_t.l)
    0x000001a6   0x00000000   Code   RO          257    .ARM.Collect$$libinit$$00000013  libinit2.o(c_t.l)
    0x000001a6   0x00000000   Code   RO          259    .ARM.Collect$$libinit$$00000015  libinit2.o(c_t.l)
    0x000001a6   0x00000000   Code   RO          261    .ARM.Collect$$libinit$$00000017  libinit2.o(c_t.l)
    0x000001a6   0x00000000   Code   RO          263    .ARM.Collect$$libinit$$00000019  libinit2.o(c_t.l)
    0x000001a6   0x00000000   Code   RO          265    .ARM.Collect$$libinit$$0000001B  libinit2.o(c_t.l)
    0x000001a6   0x00000000   Code   RO          267    .ARM.Collect$$libinit$$0000001D  libinit2.o(c_t.l)
    0x000001a6   0x00000000   Code   RO          269    .ARM.Collect$$libinit$$0000001F  libinit2.o(c_t.l)
    0x000001a6   0x00000000   Code   RO          271    .ARM.Collect$$libinit$$00000021  libinit2.o(c_t.l)
    0x000001a6   0x00000000   Code   RO          275    .ARM.Collect$$libinit$$00000028  libinit2.o(c_t.l)
    0x000001a6   0x00000000   Code   RO          277    .ARM.Collect$$libinit$$0000002A  libinit2.o(c_t.l)
    0x000001a6   0x00000000   Code   RO          279    .ARM.Collect$$libinit$$0000002C  libinit2.o(c_t.l)
    0x000001a6   0x00000000   Code   RO          281    .ARM.Collect$$libinit$$0000002E  libinit2.o(c_t.l)
    0x000001a6   0x0000000c   Code   RO          282    .ARM.Collect$$libinit$$0000002F  libinit2.o(c_t.l)
    0x000001b2   0x00000002   PAD
    0x000001b4   0x00000008   Ven    RO          315    .ARM.Collect$$libshutdown$$00000000  libshutdown.o(c_t.l)
    0x000001bc   0x00000004   Code   RO          315    .ARM.Collect$$libshutdown$$00000000  libshutdown.o(c_t.l)
    0x000001c0   0x00000000   Code   RO          342    .ARM.Collect$$libshutdown$$00000003  libshutdown2.o(c_t.l)
    0x000001c0   0x00000000   Code   RO          345    .ARM.Collect$$libshutdown$$00000006  libshutdown2.o(c_t.l)
    0x000001c0   0x00000000   Code   RO          348    .ARM.Collect$$libshutdown$$00000009  libshutdown2.o(c_t.l)
    0x000001c0   0x00000000   Code   RO          350    .ARM.Collect$$libshutdown$$0000000B  libshutdown2.o(c_t.l)
    0x000001c0   0x00000000   Code   RO          353    .ARM.Collect$$libshutdown$$0000000E  libshutdown2.o(c_t.l)
    0x000001c0   0x00000006   Code   RO          354    .ARM.Collect$$libshutdown$$0000000F  libshutdown2.o(c_t.l)
    0x000001c6   0x00000002   PAD
    0x000001c8   0x00000000   Code   RO          188    .ARM.Collect$$rtentry$$00000000  rtentry.o(c_t.l)
    0x000001c8   0x00000000   Code   RO          197    .ARM.Collect$$rtentry$$00000002  rtentry2.o(c_t.l)
    0x000001c8   0x00000008   Code   RO          212    .ARM.Collect$$rtentry$$00000004  rtentry4.o(c_t.l)
    0x000001d0   0x00000000   Code   RO          199    .ARM.Collect$$rtentry$$00000009  rtentry2.o(c_t.l)
    0x000001d0   0x00000004   Code   RO          200    .ARM.Collect$$rtentry$$0000000A  rtentry2.o(c_t.l)
    0x000001d4   0x00000000   Code   RO          202    .ARM.Collect$$rtentry$$0000000C  rtentry2.o(c_t.l)
    0x000001d4   0x00000028   Code   RO          203    .ARM.Collect$$rtentry$$0000000D  rtentry2.o(c_t.l)
    0x000001fc   0x00000004   Ven    RO          234    .ARM.Collect$$rtexit$$00000000  rtexit.o(c_t.l)
    0x00000200   0x00000000   Code   RO          234    .ARM.Collect$$rtexit$$00000000  rtexit.o(c_t.l)
    0x00000200   0x00000000   Code   RO          288    .ARM.Collect$$rtexit$$00000002  rtexit2.o(c_t.l)
    0x00000200   0x00000004   Code   RO          289    .ARM.Collect$$rtexit$$00000003  rtexit2.o(c_t.l)
    0x00000204   0x00000004   Code   RO          290    .ARM.Collect$$rtexit$$00000004  rtexit2.o(c_t.l)
    0x00000208   0x00000020   Code   RO            4    .text               startup.o
    0x00000228   0x000004c8   Code   RO           11    .text               message_queue.o
    0x000006f0   0x00000110   Code   RO           70    .text               list.o
    0x00000800   0x00000ec0   Code   RO           94    .text               queue.o
    0x000016c0   0x00001b18   Code   RO          109    .text               tasks.o
    0x000031d8   0x00000380   Code   RO          131    .text               heap_4.o
    0x00003558   0x000001fc   Code   RO          146    .text               port.o
    0x00003754   0x000000d4   Code   RO          166    .text               rt_memcpy.o(c_t.l)
    0x00003828   0x00000180   Code   RO          168    .text               aeabi_sdiv.o(c_t.l)
    0x000039a8   0x00000006   Code   RO          184    .text               heapauxi.o(c_t.l)
    0x000039ae   0x00000002   PAD
    0x000039b0   0x00000064   Code   RO          194    .text               rt_memcpy_w.o(c_t.l)
    0x00003a14   0x00000060   Code   RO          216    .text               sys_stackheap_outer.o(c_t.l)
    0x00003a74   0x0000000c   Code   RO          218    .text               exit.o(c_t.l)
    0x00003a80   0x0000000c   Code   RO          231    .text               libspace.o(c_t.l)
    0x00003a8c   0x00000018   Code   RO          285    .text               sys_exit.o(c_t.l)
    0x00003aa4   0x00000004   Code   RO          305    .text               use_no_semi.o(c_t.l)
    0x00003aa8   0x0000018c   Code   RO          161    PORT_ASM            portasm.o
    0x00003c34   0x00000004   Ven    RO          283    x$fpl$fpinit        fpinit.o(fz_ts.l)
    0x00003c38   0x00000004   Code   RO          283    x$fpl$fpinit        fpinit.o(fz_ts.l)
    0x00003c3c   0x0000000a   Data   RO           12    .constdata          message_queue.o
    0x00003c46   0x00000002   PAD
    0x00003c48   0x00000020   Data   RO          355    Region$$Table       anon$$obj.o


    Execution Region RW_IRAM1 (Base: 0x40000000, Size: 0x00003a08, Max: 0x00004000, ABSOLUTE)

    Base Addr    Size         Type   Attr      Idx    E Section Name        Object

    0x40000000   0x00000010   Data   RW           13    .data               message_queue.o
    0x40000010   0x0000003c   Data   RW          111    .data               tasks.o
    0x4000004c   0x00000018   Data   RW          133    .data               heap_4.o
    0x40000064   0x00000004   Data   RW          147    .data               port.o
    0x40000068   0x000000b4   Zero   RW          110    .bss                tasks.o
    0x4000011c   0x00003400   Zero   RW          132    .bss                heap_4.o
    0x4000351c   0x00000060   Zero   RW          232    .bss                libspace.o(c_t.l)
    0x4000357c   0x00000004   PAD
    0x40003580   0x00000000   Zero   RW            2    HEAP                startup.o
    0x40003580   0x00000488   Zero   RW            1    STACK               startup.o


==============================================================================

Image component sizes


      Code (inc. data)   RO Data    RW Data    ZI Data      Debug   Object Name

       896         24          0         24      13312       3128   heap_4.o
       272          0          0          0          0       2938   list.o
      1224        108         10         16          0      17813   message_queue.o
       508         36          0          4          0       2767   port.o
       396         24          0          0          0        332   portasm.o
      3776          0          0          0          0      12462   queue.o
       288         60          0          0       1160        448   startup.o
      6936         96          0         60        180      20393   tasks.o

    ----------------------------------------------------------------------
     14296        348         44        104      14652      60281   Object Totals
         0          0         32          0          0          0   (incl. Generated)
         0          0          2          0          0          3   (incl. Padding)

    ----------------------------------------------------------------------

      Code (inc. data)   RO Data    RW Data    ZI Data      Debug   Library Member Name

         8          0          0          0          0         68   __main.o
        60          8          0          0          0          0   __scatter.o
        40          0          0          0          0          0   __scatter_copy.o
        44          0          0          0          0          0   __scatter_zi.o
       384          0          0          0          0         80   aeabi_sdiv.o
        12          0          0          0          0         60   exit.o
         8          0          0          0          0         68   fpinit.o
         6          0          0          0          0        132   heapauxi.o
        14          0          0          0          0          0   libinit.o
        12          0          0          0          0          0   libinit2.o
        12          0          0          0          0          0   libshutdown.o
         6          0          0          0          0          0   libshutdown2.o
        12          4          0          0         96         68   libspace.o
       212          0          0          0          0         68   rt_memcpy.o
       100          0          0          0          0         80   rt_memcpy_w.o
         0          0          0          0          0          0   rtentry.o
        44          4          0          0          0          0   rtentry2.o
         8          0          0          0          0          0   rtentry4.o
         4          0          0          0          0          0   rtexit.o
         8          0          0          0          0          0   rtexit2.o
        24          8          0          0          0         68   sys_exit.o
        96          0          0          0          0         80   sys_stackheap_outer.o
         4          0          0          0          0         68   use_no_semi.o

    ----------------------------------------------------------------------
      1124         24          0          0        100        840   Library Totals
         6          0          0          0          4          0   (incl. Padding)

    ----------------------------------------------------------------------

      Code (inc. data)   RO Data    RW Data    ZI Data      Debug   Library Name

      1110         24          0          0         96        772   c_t.l
         8          0          0          0          0         68   fz_ts.l

    ----------------------------------------------------------------------
      1124         24          0          0        100        840   Library Totals

    ----------------------------------------------------------------------

==============================================================================


      Code (inc. data)   RO Data    RW Data    ZI Data      Debug   

     15420        372         44        104      14752      60132   Grand Totals
     15420        372         44        104      14752      60132   ELF Image Totals
     15420        372         44        104          0          0   ROM Totals

==============================================================================

    Total RO  Size (Code + RO Data)                15464 (  15.10kB)
    Total RW  Size (RW Data + ZI Data)             14856 (  14.51kB)
    Total ROM Size (Code + RO Data + RW Data)      15568 (  15.20kB)

==============================================================================

